#
# There is insufficient memory for the Java Runtime Environment to continue.
# Native memory allocation (malloc) failed to allocate 704496 bytes. Error detail: Chunk::new
# Possible reasons:
#   The system is out of physical RAM or swap space
#   This process is running with CompressedOops enabled, and the Java Heap may be blocking the growth of the native heap
# Possible solutions:
#   Reduce memory load on the system
#   Increase physical memory or swap space
#   Check if swap backing store is full
#   Decrease Java heap size (-Xmx/-Xms)
#   Decrease number of Java threads
#   Decrease Java thread stack sizes (-Xss)
#   Set larger code cache with -XX:ReservedCodeCacheSize=
#   JVM is running with Unscaled Compressed Oops mode in which the Java heap is
#     placed in the first 4GB address space. The Java Heap base address is the
#     maximum limit for the native heap growth. Please use -XX:HeapBaseMinAddress
#     to set the Java Heap base and to place the Java Heap above 4GB virtual address.
# This output file may be truncated or incomplete.
#
#  Out of Memory Error (arena.cpp:168), pid=20720, tid=16900
#
# JRE version: OpenJDK Runtime Environment Microsoft-11933218 (21.0.8+9) (build 21.0.8+9-LTS)
# Java VM: OpenJDK 64-Bit Server VM Microsoft-11933218 (21.0.8+9-LTS, mixed mode, sharing, tiered, compressed oops, compressed class ptrs, g1 gc, windows-amd64)
# No core dump will be written. Minidumps are not enabled by default on client versions of Windows
#

---------------  S U M M A R Y ------------

Command Line: --enable-preview -javaagent:C:\Program Files\JetBrains\IntelliJ IDEA Community Edition 2025.2.1\lib\idea_rt.jar=56226 -Dfile.encoding=UTF-8 -Dsun.stdout.encoding=UTF-8 -Dsun.stderr.encoding=UTF-8 com.example.ms_report_async.MsReportAsyncApplication

Host: AMD Ryzen 7 4800HS with Radeon Graphics        , 16 cores, 7G,  Windows 11 , 64 bit Build 26100 (10.0.26100.7705)
Time: Tue Mar  3 20:37:17 2026 E. South America Standard Time elapsed time: 319.549324 seconds (0d 0h 5m 19s)

---------------  T H R E A D  ---------------

Current thread (0x0000023589de84b0):  JavaThread "C2 CompilerThread1" daemon [_thread_in_native, id=16900, stack(0x000000518dd00000,0x000000518de00000) (1024K)]


Current CompileTask:
C2:319549 8248 % !   4       org.springframework.beans.factory.support.DefaultListableBeanFactory::doGetBeanNamesForType @ 20 (527 bytes)

Stack: [0x000000518dd00000,0x000000518de00000]
Native frames: (J=compiled Java code, j=interpreted, Vv=VM code, C=native code)
V  [jvm.dll+0x6e1729]
V  [jvm.dll+0x8bf47b]
V  [jvm.dll+0x8c19aa]
V  [jvm.dll+0x8c2083]
V  [jvm.dll+0x289fd6]
V  [jvm.dll+0xc903d]
V  [jvm.dll+0xc958c]
V  [jvm.dll+0x3c76e2]
V  [jvm.dll+0x1ea5ad]
V  [jvm.dll+0x251db3]
V  [jvm.dll+0x251283]
V  [jvm.dll+0x1d18bf]
V  [jvm.dll+0x260f4a]
V  [jvm.dll+0x25f2b5]
V  [jvm.dll+0x40151d]
V  [jvm.dll+0x86975d]
V  [jvm.dll+0x6dff2d]
C  [ucrtbase.dll+0x37b0]
C  [KERNEL32.DLL+0x2e8d7]
C  [ntdll.dll+0x8c40c]


---------------  P R O C E S S  ---------------

Threads class SMR info:
_java_thread_list=0x000002358d227400, length=19, elements={
0x000002354360a0a0, 0x000002354360b810, 0x000002354360f580, 0x0000023543614470,
0x0000023543615be0, 0x0000023543619360, 0x000002354361ef90, 0x000002354362ce10,
0x0000023543839630, 0x000002358950b050, 0x000002358bbfb2e0, 0x000002354370fac0,
0x000002354370d9f0, 0x000002358baaf730, 0x0000023543887d80, 0x000002354370eda0,
0x0000023589de84b0, 0x000002358968b480, 0x000002358c89bab0
}

Java Threads: ( => current thread )
  0x000002354360a0a0 JavaThread "Reference Handler"          daemon [_thread_blocked, id=20616, stack(0x000000518d300000,0x000000518d400000) (1024K)]
  0x000002354360b810 JavaThread "Finalizer"                  daemon [_thread_blocked, id=7836, stack(0x000000518d400000,0x000000518d500000) (1024K)]
  0x000002354360f580 JavaThread "Signal Dispatcher"          daemon [_thread_blocked, id=14364, stack(0x000000518d500000,0x000000518d600000) (1024K)]
  0x0000023543614470 JavaThread "Attach Listener"            daemon [_thread_blocked, id=11476, stack(0x000000518d600000,0x000000518d700000) (1024K)]
  0x0000023543615be0 JavaThread "Service Thread"             daemon [_thread_blocked, id=20916, stack(0x000000518d700000,0x000000518d800000) (1024K)]
  0x0000023543619360 JavaThread "Monitor Deflation Thread"   daemon [_thread_blocked, id=5224, stack(0x000000518d800000,0x000000518d900000) (1024K)]
  0x000002354361ef90 JavaThread "C2 CompilerThread0"         daemon [_thread_in_native, id=16664, stack(0x000000518d900000,0x000000518da00000) (1024K)]
  0x000002354362ce10 JavaThread "C1 CompilerThread0"         daemon [_thread_blocked, id=18772, stack(0x000000518da00000,0x000000518db00000) (1024K)]
  0x0000023543839630 JavaThread "Common-Cleaner"             daemon [_thread_blocked, id=11796, stack(0x000000518db00000,0x000000518dc00000) (1024K)]
  0x000002358950b050 JavaThread "Notification Thread"        daemon [_thread_blocked, id=3112, stack(0x000000518e000000,0x000000518e100000) (1024K)]
  0x000002358bbfb2e0 JavaThread "DestroyJavaVM"                     [_thread_blocked, id=22372, stack(0x000000518cb00000,0x000000518cc00000) (1024K)]
  0x000002354370fac0 JavaThread "Thread-1"                          [_thread_blocked, id=12536, stack(0x000000518ca00000,0x000000518cb00000) (1024K)]
  0x000002354370d9f0 JavaThread "restartedMain"                     [_thread_in_Java, id=11308, stack(0x000000518dc00000,0x000000518dd00000) (1024K)]
  0x000002358baaf730 JavaThread "C1 CompilerThread1"         daemon [_thread_blocked, id=7344, stack(0x000000518de00000,0x000000518df00000) (1024K)]
  0x0000023543887d80 JavaThread "C1 CompilerThread2"         daemon [_thread_blocked, id=1892, stack(0x000000518df00000,0x000000518e000000) (1024K)]
  0x000002354370eda0 JavaThread "AsyncAppender-Worker-ASYNC_FILE" daemon [_thread_blocked, id=13812, stack(0x000000518e100000,0x000000518e200000) (1024K)]
=>0x0000023589de84b0 JavaThread "C2 CompilerThread1"         daemon [_thread_in_native, id=16900, stack(0x000000518dd00000,0x000000518de00000) (1024K)]
  0x000002358968b480 JavaThread "C2 CompilerThread2"         daemon [_thread_in_native, id=16140, stack(0x000000518e700000,0x000000518e800000) (1024K)]
  0x000002358c89bab0 JavaThread "C1 CompilerThread3"         daemon [_thread_blocked, id=7320, stack(0x000000518e800000,0x000000518e900000) (1024K)]
Total: 19

Other Threads:
  0x00000235435ef250 VMThread "VM Thread"                           [id=10644, stack(0x000000518d200000,0x000000518d300000) (1024K)]
  0x00000235435ddf10 WatcherThread "VM Periodic Task Thread"        [id=17536, stack(0x000000518d100000,0x000000518d200000) (1024K)]
  0x0000023526222370 WorkerThread "GC Thread#0"                     [id=16672, stack(0x000000518cc00000,0x000000518cd00000) (1024K)]
  0x0000023589742ca0 WorkerThread "GC Thread#1"                     [id=10800, stack(0x000000518e200000,0x000000518e300000) (1024K)]
  0x0000023589743040 WorkerThread "GC Thread#2"                     [id=2636, stack(0x000000518e300000,0x000000518e400000) (1024K)]
  0x000002358967f000 WorkerThread "GC Thread#3"                     [id=7860, stack(0x000000518e400000,0x000000518e500000) (1024K)]
  0x0000023589844ee0 WorkerThread "GC Thread#4"                     [id=16748, stack(0x000000518e500000,0x000000518e600000) (1024K)]
  0x0000023589831060 WorkerThread "GC Thread#5"                     [id=20344, stack(0x000000518e600000,0x000000518e700000) (1024K)]
  0x000002358a3ce430 WorkerThread "GC Thread#6"                     [id=12760, stack(0x000000518ec00000,0x000000518ed00000) (1024K)]
  0x000002358ae1dbe0 WorkerThread "GC Thread#7"                     [id=18400, stack(0x000000518ed00000,0x000000518ee00000) (1024K)]
  0x0000023589facb40 WorkerThread "GC Thread#8"                     [id=4520, stack(0x000000518ee00000,0x000000518ef00000) (1024K)]
  0x000002358a184600 WorkerThread "GC Thread#9"                     [id=12800, stack(0x000000518ef00000,0x000000518f000000) (1024K)]
  0x000002358a0168a0 WorkerThread "GC Thread#10"                    [id=1824, stack(0x000000518f000000,0x000000518f100000) (1024K)]
  0x000002358a015dc0 WorkerThread "GC Thread#11"                    [id=8676, stack(0x000000518f100000,0x000000518f200000) (1024K)]
  0x000002358a016500 WorkerThread "GC Thread#12"                    [id=15724, stack(0x000000518f200000,0x000000518f300000) (1024K)]
  0x00000235262320d0 ConcurrentGCThread "G1 Main Marker"            [id=380, stack(0x000000518cd00000,0x000000518ce00000) (1024K)]
  0x0000023526234d00 WorkerThread "G1 Conc#0"                       [id=3524, stack(0x000000518ce00000,0x000000518cf00000) (1024K)]
  0x000002358a016160 WorkerThread "G1 Conc#1"                       [id=21908, stack(0x000000518f400000,0x000000518f500000) (1024K)]
  0x000002358a015680 WorkerThread "G1 Conc#2"                       [id=6188, stack(0x000000518f500000,0x000000518f600000) (1024K)]
  0x00000235434aa890 ConcurrentGCThread "G1 Refine#0"               [id=16440, stack(0x000000518cf00000,0x000000518d000000) (1024K)]
  0x00000235434ad1b0 ConcurrentGCThread "G1 Service"                [id=1848, stack(0x000000518d000000,0x000000518d100000) (1024K)]
Total: 21

Threads with active compile tasks:
C2 CompilerThread0  319651 8367 % !   4       java.util.jar.Attributes::read @ 214 (494 bytes)
C2 CompilerThread1  319651 8248 % !   4       org.springframework.beans.factory.support.DefaultListableBeanFactory::doGetBeanNamesForType @ 20 (527 bytes)
C2 CompilerThread2  319651 8342       4       org.springframework.boot.context.properties.source.ConfigurationPropertyName$ElementsParser::parse (235 bytes)
Total: 3

VM state: not at safepoint (normal execution)

VM Mutex/Monitor currently owned by a thread: None

Heap address: 0x0000000089400000, size: 1900 MB, Compressed Oops mode: 32-bit

CDS archive(s) mapped at: [0x0000023544000000-0x0000023544c80000-0x0000023544c80000), size 13107200, SharedBaseAddress: 0x0000023544000000, ArchiveRelocationMode: 1.
Compressed class space mapped at: 0x0000023545000000-0x0000023585000000, reserved size: 1073741824
Narrow klass base: 0x0000023544000000, Narrow klass shift: 0, Narrow klass range: 0x100000000

GC Precious Log:
 CardTable entry size: 512
 Card Set container configuration: InlinePtr #cards 5 size 8 Array Of Cards #cards 12 size 40 Howl #buckets 4 coarsen threshold 1843 Howl Bitmap #cards 512 size 80 coarsen threshold 460 Card regions per heap region 1 cards per card region 2048
 CPUs: 16 total, 16 available
 Memory: 7596M
 Large Page Support: Disabled
 NUMA Support: Disabled
 Compressed Oops: Enabled (32-bit)
 Heap Region Size: 1M
 Heap Min Capacity: 8M
 Heap Initial Capacity: 120M
 Heap Max Capacity: 1900M
 Pre-touch: Disabled
 Parallel Workers: 13
 Concurrent Workers: 3
 Concurrent Refinement Workers: 13
 Periodic GC: Disabled

Heap:
 garbage-first heap   total 110592K, used 68409K [0x0000000089400000, 0x0000000100000000)
  region size 1024K, 37 young (37888K), 0 survivors (0K)
 Metaspace       used 75805K, committed 76800K, reserved 1179648K
  class space    used 9639K, committed 10112K, reserved 1048576K

Heap Regions: E=young(eden), S=young(survivor), O=old, HS=humongous(starts), HC=humongous(continues), CS=collection set, F=free, TAMS=top-at-mark-start, PB=parsable bottom
|   0|0x0000000089400000, 0x0000000089500000, 0x0000000089500000|100%| O|  |TAMS 0x0000000089400000| PB 0x0000000089400000| Untracked 
|   1|0x0000000089500000, 0x0000000089600000, 0x0000000089600000|100%| O|  |TAMS 0x0000000089500000| PB 0x0000000089500000| Untracked 
|   2|0x0000000089600000, 0x00000000896fffe8, 0x0000000089700000| 99%| O|  |TAMS 0x0000000089600000| PB 0x0000000089600000| Untracked 
|   3|0x0000000089700000, 0x00000000897ffff8, 0x0000000089800000| 99%| O|  |TAMS 0x0000000089700000| PB 0x0000000089700000| Untracked 
|   4|0x0000000089800000, 0x0000000089900000, 0x0000000089900000|100%| O|  |TAMS 0x0000000089800000| PB 0x0000000089800000| Untracked 
|   5|0x0000000089900000, 0x0000000089a00000, 0x0000000089a00000|100%| O|  |TAMS 0x0000000089900000| PB 0x0000000089900000| Untracked 
|   6|0x0000000089a00000, 0x0000000089b00000, 0x0000000089b00000|100%| O|  |TAMS 0x0000000089a00000| PB 0x0000000089a00000| Untracked 
|   7|0x0000000089b00000, 0x0000000089bffff8, 0x0000000089c00000| 99%| O|  |TAMS 0x0000000089b00000| PB 0x0000000089b00000| Untracked 
|   8|0x0000000089c00000, 0x0000000089cfffe8, 0x0000000089d00000| 99%| O|  |TAMS 0x0000000089c00000| PB 0x0000000089c00000| Untracked 
|   9|0x0000000089d00000, 0x0000000089dffff0, 0x0000000089e00000| 99%| O|  |TAMS 0x0000000089d00000| PB 0x0000000089d00000| Untracked 
|  10|0x0000000089e00000, 0x0000000089f00000, 0x0000000089f00000|100%| O|  |TAMS 0x0000000089e00000| PB 0x0000000089e00000| Untracked 
|  11|0x0000000089f00000, 0x0000000089fffff0, 0x000000008a000000| 99%| O|  |TAMS 0x0000000089f00000| PB 0x0000000089f00000| Untracked 
|  12|0x000000008a000000, 0x000000008a0fffc8, 0x000000008a100000| 99%| O|  |TAMS 0x000000008a000000| PB 0x000000008a000000| Untracked 
|  13|0x000000008a100000, 0x000000008a1ffff0, 0x000000008a200000| 99%| O|  |TAMS 0x000000008a100000| PB 0x000000008a100000| Untracked 
|  14|0x000000008a200000, 0x000000008a300000, 0x000000008a300000|100%| O|  |TAMS 0x000000008a200000| PB 0x000000008a200000| Untracked 
|  15|0x000000008a300000, 0x000000008a3ffff8, 0x000000008a400000| 99%| O|  |TAMS 0x000000008a300000| PB 0x000000008a300000| Untracked 
|  16|0x000000008a400000, 0x000000008a4ffff8, 0x000000008a500000| 99%| O|  |TAMS 0x000000008a400000| PB 0x000000008a400000| Untracked 
|  17|0x000000008a500000, 0x000000008a5fffa8, 0x000000008a600000| 99%| O|  |TAMS 0x000000008a500000| PB 0x000000008a500000| Untracked 
|  18|0x000000008a600000, 0x000000008a6ffff0, 0x000000008a700000| 99%| O|  |TAMS 0x000000008a600000| PB 0x000000008a600000| Untracked 
|  19|0x000000008a700000, 0x000000008a7fffd0, 0x000000008a800000| 99%| O|  |TAMS 0x000000008a700000| PB 0x000000008a700000| Untracked 
|  20|0x000000008a800000, 0x000000008a8ffff8, 0x000000008a900000| 99%| O|  |TAMS 0x000000008a800000| PB 0x000000008a800000| Untracked 
|  21|0x000000008a900000, 0x000000008a9fffe0, 0x000000008aa00000| 99%| O|  |TAMS 0x000000008a900000| PB 0x000000008a900000| Untracked 
|  22|0x000000008aa00000, 0x000000008aafffe8, 0x000000008ab00000| 99%| O|  |TAMS 0x000000008aa00000| PB 0x000000008aa00000| Untracked 
|  23|0x000000008ab00000, 0x000000008ac00000, 0x000000008ac00000|100%| O|  |TAMS 0x000000008ab00000| PB 0x000000008ab00000| Untracked 
|  24|0x000000008ac00000, 0x000000008ac5f578, 0x000000008ad00000| 37%| O|  |TAMS 0x000000008ac00000| PB 0x000000008ac00000| Untracked 
|  25|0x000000008ad00000, 0x000000008ad9ad48, 0x000000008ae00000| 60%| O|  |TAMS 0x000000008ad00000| PB 0x000000008ad00000| Untracked 
|  26|0x000000008ae00000, 0x000000008aef75c8, 0x000000008af00000| 96%| O|  |TAMS 0x000000008ae00000| PB 0x000000008ae00000| Untracked 
|  27|0x000000008af00000, 0x000000008affffc0, 0x000000008b000000| 99%| O|  |TAMS 0x000000008af00000| PB 0x000000008af00000| Untracked 
|  28|0x000000008b000000, 0x000000008b0342a0, 0x000000008b100000| 20%| O|  |TAMS 0x000000008b000000| PB 0x000000008b000000| Untracked 
|  29|0x000000008b100000, 0x000000008b200000, 0x000000008b200000|100%| O|  |TAMS 0x000000008b100000| PB 0x000000008b100000| Untracked 
|  30|0x000000008b200000, 0x000000008b285718, 0x000000008b300000| 52%| O|  |TAMS 0x000000008b200000| PB 0x000000008b200000| Untracked 
|  31|0x000000008b300000, 0x000000008b39dfa8, 0x000000008b400000| 61%| O|  |TAMS 0x000000008b300000| PB 0x000000008b300000| Untracked 
|  32|0x000000008b400000, 0x000000008b400000, 0x000000008b500000|  0%| F|  |TAMS 0x000000008b400000| PB 0x000000008b400000| Untracked 
|  33|0x000000008b500000, 0x000000008b600000, 0x000000008b600000|100%| O|  |TAMS 0x000000008b500000| PB 0x000000008b500000| Untracked 
|  34|0x000000008b600000, 0x000000008b600000, 0x000000008b700000|  0%| F|  |TAMS 0x000000008b600000| PB 0x000000008b600000| Untracked 
|  35|0x000000008b700000, 0x000000008b700000, 0x000000008b800000|  0%| F|  |TAMS 0x000000008b700000| PB 0x000000008b700000| Untracked 
|  36|0x000000008b800000, 0x000000008b885628, 0x000000008b900000| 52%| O|  |TAMS 0x000000008b800000| PB 0x000000008b800000| Untracked 
|  37|0x000000008b900000, 0x000000008b900000, 0x000000008ba00000|  0%| F|  |TAMS 0x000000008b900000| PB 0x000000008b900000| Untracked 
|  38|0x000000008ba00000, 0x000000008ba00000, 0x000000008bb00000|  0%| F|  |TAMS 0x000000008ba00000| PB 0x000000008ba00000| Untracked 
|  39|0x000000008bb00000, 0x000000008bb00000, 0x000000008bc00000|  0%| F|  |TAMS 0x000000008bb00000| PB 0x000000008bb00000| Untracked 
|  40|0x000000008bc00000, 0x000000008bc00000, 0x000000008bd00000|  0%| F|  |TAMS 0x000000008bc00000| PB 0x000000008bc00000| Untracked 
|  41|0x000000008bd00000, 0x000000008bd00000, 0x000000008be00000|  0%| F|  |TAMS 0x000000008bd00000| PB 0x000000008bd00000| Untracked 
|  42|0x000000008be00000, 0x000000008be00000, 0x000000008bf00000|  0%| F|  |TAMS 0x000000008be00000| PB 0x000000008be00000| Untracked 
|  43|0x000000008bf00000, 0x000000008bf00000, 0x000000008c000000|  0%| F|  |TAMS 0x000000008bf00000| PB 0x000000008bf00000| Untracked 
|  44|0x000000008c000000, 0x000000008c000000, 0x000000008c100000|  0%| F|  |TAMS 0x000000008c000000| PB 0x000000008c000000| Untracked 
|  45|0x000000008c100000, 0x000000008c100000, 0x000000008c200000|  0%| F|  |TAMS 0x000000008c100000| PB 0x000000008c100000| Untracked 
|  46|0x000000008c200000, 0x000000008c200000, 0x000000008c300000|  0%| F|  |TAMS 0x000000008c200000| PB 0x000000008c200000| Untracked 
|  47|0x000000008c300000, 0x000000008c300000, 0x000000008c400000|  0%| F|  |TAMS 0x000000008c300000| PB 0x000000008c300000| Untracked 
|  48|0x000000008c400000, 0x000000008c400000, 0x000000008c500000|  0%| F|  |TAMS 0x000000008c400000| PB 0x000000008c400000| Untracked 
|  49|0x000000008c500000, 0x000000008c500000, 0x000000008c600000|  0%| F|  |TAMS 0x000000008c500000| PB 0x000000008c500000| Untracked 
|  50|0x000000008c600000, 0x000000008c600000, 0x000000008c700000|  0%| F|  |TAMS 0x000000008c600000| PB 0x000000008c600000| Untracked 
|  51|0x000000008c700000, 0x000000008c700000, 0x000000008c800000|  0%| F|  |TAMS 0x000000008c700000| PB 0x000000008c700000| Untracked 
|  52|0x000000008c800000, 0x000000008c800000, 0x000000008c900000|  0%| F|  |TAMS 0x000000008c800000| PB 0x000000008c800000| Untracked 
|  53|0x000000008c900000, 0x000000008c900000, 0x000000008ca00000|  0%| F|  |TAMS 0x000000008c900000| PB 0x000000008c900000| Untracked 
|  54|0x000000008ca00000, 0x000000008ca00000, 0x000000008cb00000|  0%| F|  |TAMS 0x000000008ca00000| PB 0x000000008ca00000| Untracked 
|  55|0x000000008cb00000, 0x000000008cb00000, 0x000000008cc00000|  0%| F|  |TAMS 0x000000008cb00000| PB 0x000000008cb00000| Untracked 
|  56|0x000000008cc00000, 0x000000008cc00000, 0x000000008cd00000|  0%| F|  |TAMS 0x000000008cc00000| PB 0x000000008cc00000| Untracked 
|  57|0x000000008cd00000, 0x000000008cd00000, 0x000000008ce00000|  0%| F|  |TAMS 0x000000008cd00000| PB 0x000000008cd00000| Untracked 
|  58|0x000000008ce00000, 0x000000008ce00000, 0x000000008cf00000|  0%| F|  |TAMS 0x000000008ce00000| PB 0x000000008ce00000| Untracked 
|  59|0x000000008cf00000, 0x000000008cf00000, 0x000000008d000000|  0%| F|  |TAMS 0x000000008cf00000| PB 0x000000008cf00000| Untracked 
|  60|0x000000008d000000, 0x000000008d000000, 0x000000008d100000|  0%| F|  |TAMS 0x000000008d000000| PB 0x000000008d000000| Untracked 
|  61|0x000000008d100000, 0x000000008d100000, 0x000000008d200000|  0%| F|  |TAMS 0x000000008d100000| PB 0x000000008d100000| Untracked 
|  62|0x000000008d200000, 0x000000008d200000, 0x000000008d300000|  0%| F|  |TAMS 0x000000008d200000| PB 0x000000008d200000| Untracked 
|  63|0x000000008d300000, 0x000000008d300000, 0x000000008d400000|  0%| F|  |TAMS 0x000000008d300000| PB 0x000000008d300000| Untracked 
|  64|0x000000008d400000, 0x000000008d400000, 0x000000008d500000|  0%| F|  |TAMS 0x000000008d400000| PB 0x000000008d400000| Untracked 
|  65|0x000000008d500000, 0x000000008d500000, 0x000000008d600000|  0%| F|  |TAMS 0x000000008d500000| PB 0x000000008d500000| Untracked 
|  66|0x000000008d600000, 0x000000008d600000, 0x000000008d700000|  0%| F|  |TAMS 0x000000008d600000| PB 0x000000008d600000| Untracked 
|  67|0x000000008d700000, 0x000000008d700000, 0x000000008d800000|  0%| F|  |TAMS 0x000000008d700000| PB 0x000000008d700000| Untracked 
|  68|0x000000008d800000, 0x000000008d800000, 0x000000008d900000|  0%| F|  |TAMS 0x000000008d800000| PB 0x000000008d800000| Untracked 
|  69|0x000000008d900000, 0x000000008d900000, 0x000000008da00000|  0%| F|  |TAMS 0x000000008d900000| PB 0x000000008d900000| Untracked 
|  70|0x000000008da00000, 0x000000008da00000, 0x000000008db00000|  0%| F|  |TAMS 0x000000008da00000| PB 0x000000008da00000| Untracked 
|  71|0x000000008db00000, 0x000000008dbc6bf0, 0x000000008dc00000| 77%| E|  |TAMS 0x000000008db00000| PB 0x000000008db00000| Complete 
|  72|0x000000008dc00000, 0x000000008dd00000, 0x000000008dd00000|100%| E|CS|TAMS 0x000000008dc00000| PB 0x000000008dc00000| Complete 
|  73|0x000000008dd00000, 0x000000008de00000, 0x000000008de00000|100%| E|CS|TAMS 0x000000008dd00000| PB 0x000000008dd00000| Complete 
|  74|0x000000008de00000, 0x000000008df00000, 0x000000008df00000|100%| E|CS|TAMS 0x000000008de00000| PB 0x000000008de00000| Complete 
|  75|0x000000008df00000, 0x000000008e000000, 0x000000008e000000|100%| E|CS|TAMS 0x000000008df00000| PB 0x000000008df00000| Complete 
|  76|0x000000008e000000, 0x000000008e100000, 0x000000008e100000|100%| E|CS|TAMS 0x000000008e000000| PB 0x000000008e000000| Complete 
|  77|0x000000008e100000, 0x000000008e200000, 0x000000008e200000|100%| E|CS|TAMS 0x000000008e100000| PB 0x000000008e100000| Complete 
|  78|0x000000008e200000, 0x000000008e300000, 0x000000008e300000|100%| E|CS|TAMS 0x000000008e200000| PB 0x000000008e200000| Complete 
|  79|0x000000008e300000, 0x000000008e400000, 0x000000008e400000|100%| E|CS|TAMS 0x000000008e300000| PB 0x000000008e300000| Complete 
|  80|0x000000008e400000, 0x000000008e500000, 0x000000008e500000|100%| E|CS|TAMS 0x000000008e400000| PB 0x000000008e400000| Complete 
|  81|0x000000008e500000, 0x000000008e600000, 0x000000008e600000|100%| E|CS|TAMS 0x000000008e500000| PB 0x000000008e500000| Complete 
|  82|0x000000008e600000, 0x000000008e700000, 0x000000008e700000|100%| E|CS|TAMS 0x000000008e600000| PB 0x000000008e600000| Complete 
|  83|0x000000008e700000, 0x000000008e800000, 0x000000008e800000|100%| E|CS|TAMS 0x000000008e700000| PB 0x000000008e700000| Complete 
|  84|0x000000008e800000, 0x000000008e900000, 0x000000008e900000|100%| E|CS|TAMS 0x000000008e800000| PB 0x000000008e800000| Complete 
|  85|0x000000008e900000, 0x000000008ea00000, 0x000000008ea00000|100%| E|CS|TAMS 0x000000008e900000| PB 0x000000008e900000| Complete 
|  86|0x000000008ea00000, 0x000000008eb00000, 0x000000008eb00000|100%| E|CS|TAMS 0x000000008ea00000| PB 0x000000008ea00000| Complete 
|  87|0x000000008eb00000, 0x000000008ec00000, 0x000000008ec00000|100%| E|CS|TAMS 0x000000008eb00000| PB 0x000000008eb00000| Complete 
|  88|0x000000008ec00000, 0x000000008ed00000, 0x000000008ed00000|100%| E|CS|TAMS 0x000000008ec00000| PB 0x000000008ec00000| Complete 
|  89|0x000000008ed00000, 0x000000008ee00000, 0x000000008ee00000|100%| E|CS|TAMS 0x000000008ed00000| PB 0x000000008ed00000| Complete 
|  90|0x000000008ee00000, 0x000000008ef00000, 0x000000008ef00000|100%| E|CS|TAMS 0x000000008ee00000| PB 0x000000008ee00000| Complete 
|  91|0x000000008ef00000, 0x000000008f000000, 0x000000008f000000|100%| E|CS|TAMS 0x000000008ef00000| PB 0x000000008ef00000| Complete 
|  92|0x000000008f000000, 0x000000008f100000, 0x000000008f100000|100%| E|CS|TAMS 0x000000008f000000| PB 0x000000008f000000| Complete 
|  93|0x000000008f100000, 0x000000008f200000, 0x000000008f200000|100%| E|CS|TAMS 0x000000008f100000| PB 0x000000008f100000| Complete 
|  94|0x000000008f200000, 0x000000008f300000, 0x000000008f300000|100%| E|CS|TAMS 0x000000008f200000| PB 0x000000008f200000| Complete 
|  95|0x000000008f300000, 0x000000008f400000, 0x000000008f400000|100%| E|CS|TAMS 0x000000008f300000| PB 0x000000008f300000| Complete 
|  96|0x000000008f400000, 0x000000008f500000, 0x000000008f500000|100%| E|CS|TAMS 0x000000008f400000| PB 0x000000008f400000| Complete 
|  97|0x000000008f500000, 0x000000008f600000, 0x000000008f600000|100%| E|CS|TAMS 0x000000008f500000| PB 0x000000008f500000| Complete 
|  98|0x000000008f600000, 0x000000008f700000, 0x000000008f700000|100%| E|CS|TAMS 0x000000008f600000| PB 0x000000008f600000| Complete 
|  99|0x000000008f700000, 0x000000008f800000, 0x000000008f800000|100%| E|CS|TAMS 0x000000008f700000| PB 0x000000008f700000| Complete 
| 100|0x000000008f800000, 0x000000008f900000, 0x000000008f900000|100%| E|CS|TAMS 0x000000008f800000| PB 0x000000008f800000| Complete 
| 101|0x000000008f900000, 0x000000008fa00000, 0x000000008fa00000|100%| E|CS|TAMS 0x000000008f900000| PB 0x000000008f900000| Complete 
| 102|0x000000008fa00000, 0x000000008fb00000, 0x000000008fb00000|100%| E|CS|TAMS 0x000000008fa00000| PB 0x000000008fa00000| Complete 
| 118|0x0000000090a00000, 0x0000000090b00000, 0x0000000090b00000|100%| E|CS|TAMS 0x0000000090a00000| PB 0x0000000090a00000| Complete 
| 119|0x0000000090b00000, 0x0000000090c00000, 0x0000000090c00000|100%| E|CS|TAMS 0x0000000090b00000| PB 0x0000000090b00000| Complete 
|1897|0x00000000ffd00000, 0x00000000ffe00000, 0x00000000ffe00000|100%| E|CS|TAMS 0x00000000ffd00000| PB 0x00000000ffd00000| Complete 
|1898|0x00000000ffe00000, 0x00000000fff00000, 0x00000000fff00000|100%| E|CS|TAMS 0x00000000ffe00000| PB 0x00000000ffe00000| Complete 
|1899|0x00000000fff00000, 0x0000000100000000, 0x0000000100000000|100%| E|CS|TAMS 0x00000000fff00000| PB 0x00000000fff00000| Complete 

Card table byte_map: [0x000002353e500000,0x000002353e8c0000] _byte_map_base: 0x000002353e0b6000

Marking Bits: (CMBitMap*) 0x0000023526222a70
 Bits: [0x000002353e8c0000, 0x0000023540670000)

Polling page: 0x0000023523fa0000

Metaspace:

Usage:
  Non-class:     64.62 MB used.
      Class:      9.41 MB used.
       Both:     74.03 MB used.

Virtual space:
  Non-class space:      128.00 MB reserved,      65.12 MB ( 51%) committed,  2 nodes.
      Class space:        1.00 GB reserved,       9.88 MB ( <1%) committed,  1 nodes.
             Both:        1.12 GB reserved,      75.00 MB (  7%) committed. 

Chunk freelists:
   Non-Class:  14.39 MB
       Class:  6.15 MB
        Both:  20.54 MB

MaxMetaspaceSize: unlimited
CompressedClassSpaceSize: 1.00 GB
Initial GC threshold: 21.00 MB
Current GC threshold: 124.38 MB
CDS: on
 - commit_granule_bytes: 65536.
 - commit_granule_words: 8192.
 - virtual_space_node_default_size: 8388608.
 - enlarge_chunks_in_place: 1.
 - use_allocation_guard: 0.


Internal statistics:

num_allocs_failed_limit: 16.
num_arena_births: 1500.
num_arena_deaths: 0.
num_vsnodes_births: 3.
num_vsnodes_deaths: 0.
num_space_committed: 1200.
num_space_uncommitted: 0.
num_chunks_returned_to_freelist: 16.
num_chunks_taken_from_freelist: 4177.
num_chunk_merges: 11.
num_chunk_splits: 2878.
num_chunks_enlarged: 2122.
num_inconsistent_stats: 0.

CodeHeap 'non-profiled nmethods': size=119168Kb used=4605Kb max_used=4605Kb free=114562Kb
 bounds [0x0000023536460000, 0x00000235368e0000, 0x000002353d8c0000]
CodeHeap 'profiled nmethods': size=119104Kb used=13958Kb max_used=13958Kb free=105145Kb
 bounds [0x000002352e8c0000, 0x000002352f670000, 0x0000023535d10000]
CodeHeap 'non-nmethods': size=7488Kb used=3461Kb max_used=3503Kb free=4026Kb
 bounds [0x0000023535d10000, 0x00000235360f0000, 0x0000023536460000]
CodeCache: size=245760Kb, used=22024Kb, max_used=22066Kb, free=223733Kb
 total_blobs=7725, nmethods=6938, adapters=687, full_count=0
Compilation: enabled, stopped_count=0, restarted_count=0

Compilation events (20 events):
Event: 317.459 Thread 0x0000023543887d80 nmethod 8328 0x000002352f640f90 code [0x000002352f641140, 0x000002352f6413e0]
Event: 317.459 Thread 0x000002358baaf730 nmethod 8326 0x000002352f641510 code [0x000002352f641720, 0x000002352f641d48]
Event: 317.459 Thread 0x000002354362ce10 nmethod 8327 0x000002352f641f90 code [0x000002352f642220, 0x000002352f642bd0]
Event: 317.468 Thread 0x000002354361ef90 8329       4       org.springframework.beans.factory.annotation.InitDestroyAnnotationBeanPostProcessor$$Lambda/0x00000235454874c0::doWith (21 bytes)
Event: 317.468 Thread 0x000002354362ce10 8331       3       java.beans.MethodRef::<init> (5 bytes)
Event: 317.468 Thread 0x000002358baaf730 8332       1       java.beans.FeatureDescriptor::setName (6 bytes)
Event: 317.468 Thread 0x000002358baaf730 nmethod 8332 0x00000235368d7210 code [0x00000235368d73a0, 0x00000235368d74b0]
Event: 317.469 Thread 0x000002354362ce10 nmethod 8331 0x000002352f642f10 code [0x000002352f6430c0, 0x000002352f643228]
Event: 317.485 Thread 0x0000023543887d80 8338       1       sun.reflect.generics.tree.MethodTypeSignature::getParameterTypes (5 bytes)
Event: 317.485 Thread 0x0000023543887d80 nmethod 8338 0x00000235368d7510 code [0x00000235368d76a0, 0x00000235368d7768]
Event: 317.486 Thread 0x000002358968b480 8330       4       org.springframework.beans.factory.annotation.InitDestroyAnnotationBeanPostProcessor::lambda$buildLifecycleMetadata$0 (207 bytes)
Event: 317.487 Thread 0x0000023543887d80 8339       2       java.lang.Class::getMethodsRecursive (99 bytes)
Event: 317.488 Thread 0x0000023543887d80 nmethod 8339 0x000002352f643310 code [0x000002352f643520, 0x000002352f6438f0]
Event: 317.494 Thread 0x000002358baaf730 8340       3       java.util.concurrent.ConcurrentHashMap::size (31 bytes)
Event: 317.495 Thread 0x000002358baaf730 nmethod 8340 0x000002352f643c10 code [0x000002352f643de0, 0x000002352f644008]
Event: 317.495 Thread 0x000002358baaf730 8341       3       org.springframework.boot.context.properties.source.SystemEnvironmentPropertyMapper::map (38 bytes)
Event: 317.496 Thread 0x000002358baaf730 nmethod 8341 0x000002352f644090 code [0x000002352f6442e0, 0x000002352f644c28]
Event: 317.508 Thread 0x0000023543887d80 8343       3       org.springframework.beans.factory.support.AbstractAutowireCapableBeanFactory::applyMergedBeanDefinitionPostProcessors (50 bytes)
Event: 317.509 Thread 0x000002358baaf730 8344   !   3       org.springframework.beans.factory.support.AbstractAutowireCapableBeanFactory::initializeBean (105 bytes)
Event: 317.541 Thread 0x000002354362ce10 8345       3       org.springframework.context.support.ApplicationListenerDetector::postProcessMergedBeanDefinition (28 bytes)

GC Heap History (20 events):
Event: 7.992 GC heap before
{Heap before GC invocations=13 (full 0):
 garbage-first heap   total 59392K, used 50799K [0x0000000089400000, 0x0000000100000000)
  region size 1024K, 24 young (24576K), 3 survivors (3072K)
 Metaspace       used 59321K, committed 60096K, reserved 1114112K
  class space    used 7564K, committed 7936K, reserved 1048576K
}
Event: 7.996 GC heap after
{Heap after GC invocations=14 (full 0):
 garbage-first heap   total 59392K, used 32236K [0x0000000089400000, 0x0000000100000000)
  region size 1024K, 3 young (3072K), 3 survivors (3072K)
 Metaspace       used 59321K, committed 60096K, reserved 1114112K
  class space    used 7564K, committed 7936K, reserved 1048576K
}
Event: 20.639 GC heap before
{Heap before GC invocations=15 (full 0):
 garbage-first heap   total 59392K, used 50668K [0x0000000089400000, 0x0000000100000000)
  region size 1024K, 21 young (21504K), 3 survivors (3072K)
 Metaspace       used 64073K, committed 65024K, reserved 1114112K
  class space    used 8200K, committed 8640K, reserved 1048576K
}
Event: 20.644 GC heap after
{Heap after GC invocations=16 (full 0):
 garbage-first heap   total 59392K, used 33667K [0x0000000089400000, 0x0000000100000000)
  region size 1024K, 2 young (2048K), 2 survivors (2048K)
 Metaspace       used 64073K, committed 65024K, reserved 1114112K
  class space    used 8200K, committed 8640K, reserved 1048576K
}
Event: 21.130 GC heap before
{Heap before GC invocations=16 (full 0):
 garbage-first heap   total 59392K, used 51075K [0x0000000089400000, 0x0000000100000000)
  region size 1024K, 20 young (20480K), 2 survivors (2048K)
 Metaspace       used 68992K, committed 69952K, reserved 1114112K
  class space    used 8879K, committed 9280K, reserved 1048576K
}
Event: 21.133 GC heap after
{Heap after GC invocations=17 (full 0):
 garbage-first heap   total 59392K, used 34208K [0x0000000089400000, 0x0000000100000000)
  region size 1024K, 3 young (3072K), 3 survivors (3072K)
 Metaspace       used 68992K, committed 69952K, reserved 1114112K
  class space    used 8879K, committed 9280K, reserved 1048576K
}
Event: 22.817 GC heap before
{Heap before GC invocations=17 (full 0):
 garbage-first heap   total 59392K, used 49568K [0x0000000089400000, 0x0000000100000000)
  region size 1024K, 19 young (19456K), 3 survivors (3072K)
 Metaspace       used 73587K, committed 74496K, reserved 1179648K
  class space    used 9404K, committed 9792K, reserved 1048576K
}
Event: 22.821 GC heap after
{Heap after GC invocations=18 (full 0):
 garbage-first heap   total 59392K, used 36773K [0x0000000089400000, 0x0000000100000000)
  region size 1024K, 3 young (3072K), 3 survivors (3072K)
 Metaspace       used 73587K, committed 74496K, reserved 1179648K
  class space    used 9404K, committed 9792K, reserved 1048576K
}
Event: 22.908 GC heap before
{Heap before GC invocations=19 (full 0):
 garbage-first heap   total 61440K, used 52133K [0x0000000089400000, 0x0000000100000000)
  region size 1024K, 18 young (18432K), 3 survivors (3072K)
 Metaspace       used 73907K, committed 74880K, reserved 1179648K
  class space    used 9426K, committed 9856K, reserved 1048576K
}
Event: 22.911 GC heap after
{Heap after GC invocations=20 (full 0):
 garbage-first heap   total 61440K, used 37553K [0x0000000089400000, 0x0000000100000000)
  region size 1024K, 1 young (1024K), 1 survivors (1024K)
 Metaspace       used 73907K, committed 74880K, reserved 1179648K
  class space    used 9426K, committed 9856K, reserved 1048576K
}
Event: 22.930 GC heap before
{Heap before GC invocations=20 (full 0):
 garbage-first heap   total 61440K, used 54961K [0x0000000089400000, 0x0000000100000000)
  region size 1024K, 18 young (18432K), 1 survivors (1024K)
 Metaspace       used 73924K, committed 74880K, reserved 1179648K
  class space    used 9426K, committed 9856K, reserved 1048576K
}
Event: 22.933 GC heap after
{Heap after GC invocations=21 (full 0):
 garbage-first heap   total 61440K, used 36884K [0x0000000089400000, 0x0000000100000000)
  region size 1024K, 1 young (1024K), 1 survivors (1024K)
 Metaspace       used 73924K, committed 74880K, reserved 1179648K
  class space    used 9426K, committed 9856K, reserved 1048576K
}
Event: 22.952 GC heap before
{Heap before GC invocations=21 (full 0):
 garbage-first heap   total 61440K, used 55316K [0x0000000089400000, 0x0000000100000000)
  region size 1024K, 19 young (19456K), 1 survivors (1024K)
 Metaspace       used 73924K, committed 74880K, reserved 1179648K
  class space    used 9426K, committed 9856K, reserved 1048576K
}
Event: 22.954 GC heap after
{Heap after GC invocations=22 (full 0):
 garbage-first heap   total 61440K, used 36789K [0x0000000089400000, 0x0000000100000000)
  region size 1024K, 1 young (1024K), 1 survivors (1024K)
 Metaspace       used 73924K, committed 74880K, reserved 1179648K
  class space    used 9426K, committed 9856K, reserved 1048576K
}
Event: 22.976 GC heap before
{Heap before GC invocations=22 (full 0):
 garbage-first heap   total 61440K, used 56245K [0x0000000089400000, 0x0000000100000000)
  region size 1024K, 20 young (20480K), 1 survivors (1024K)
 Metaspace       used 73924K, committed 74880K, reserved 1179648K
  class space    used 9426K, committed 9856K, reserved 1048576K
}
Event: 22.978 GC heap after
{Heap after GC invocations=23 (full 0):
 garbage-first heap   total 110592K, used 36788K [0x0000000089400000, 0x0000000100000000)
  region size 1024K, 1 young (1024K), 1 survivors (1024K)
 Metaspace       used 73924K, committed 74880K, reserved 1179648K
  class space    used 9426K, committed 9856K, reserved 1048576K
}
Event: 23.057 GC heap before
{Heap before GC invocations=24 (full 0):
 garbage-first heap   total 110592K, used 97204K [0x0000000089400000, 0x0000000100000000)
  region size 1024K, 60 young (61440K), 1 survivors (1024K)
 Metaspace       used 73926K, committed 74944K, reserved 1179648K
  class space    used 9426K, committed 9856K, reserved 1048576K
}
Event: 23.059 GC heap after
{Heap after GC invocations=25 (full 0):
 garbage-first heap   total 110592K, used 36800K [0x0000000089400000, 0x0000000100000000)
  region size 1024K, 1 young (1024K), 1 survivors (1024K)
 Metaspace       used 73926K, committed 74944K, reserved 1179648K
  class space    used 9426K, committed 9856K, reserved 1048576K
}
Event: 314.458 GC heap before
{Heap before GC invocations=25 (full 0):
 garbage-first heap   total 110592K, used 86976K [0x0000000089400000, 0x0000000100000000)
  region size 1024K, 51 young (52224K), 1 survivors (1024K)
 Metaspace       used 75371K, committed 76416K, reserved 1179648K
  class space    used 9621K, committed 10112K, reserved 1048576K
}
Event: 314.654 GC heap after
{Heap after GC invocations=26 (full 1):
 garbage-first heap   total 110592K, used 31545K [0x0000000089400000, 0x0000000100000000)
  region size 1024K, 0 young (0K), 0 survivors (0K)
 Metaspace       used 75371K, committed 76416K, reserved 1179648K
  class space    used 9621K, committed 10112K, reserved 1048576K
}

Dll operation events (13 events):
Event: 0.011 Loaded shared library C:\Users\guilh\.jdks\ms-21.0.8\bin\java.dll
Event: 0.051 Loaded shared library C:\Users\guilh\.jdks\ms-21.0.8\bin\jsvml.dll
Event: 0.201 Loaded shared library C:\Users\guilh\.jdks\ms-21.0.8\bin\zip.dll
Event: 0.205 Loaded shared library C:\Users\guilh\.jdks\ms-21.0.8\bin\instrument.dll
Event: 0.213 Loaded shared library C:\Users\guilh\.jdks\ms-21.0.8\bin\net.dll
Event: 0.216 Loaded shared library C:\Users\guilh\.jdks\ms-21.0.8\bin\nio.dll
Event: 0.220 Loaded shared library C:\Users\guilh\.jdks\ms-21.0.8\bin\zip.dll
Event: 0.371 Loaded shared library C:\Users\guilh\.jdks\ms-21.0.8\bin\extnet.dll
Event: 0.401 Loaded shared library C:\Users\guilh\.jdks\ms-21.0.8\bin\jimage.dll
Event: 0.954 Loaded shared library C:\Users\guilh\.jdks\ms-21.0.8\bin\management.dll
Event: 0.962 Loaded shared library C:\Users\guilh\.jdks\ms-21.0.8\bin\management_ext.dll
Event: 2.929 Loaded shared library C:\Users\guilh\.jdks\ms-21.0.8\bin\sunmscapi.dll
Event: 22.733 Loaded shared library C:\Users\guilh\.jdks\ms-21.0.8\bin\awt.dll

Deoptimization events (20 events):
Event: 317.197 Thread 0x000002354370d9f0 Uncommon trap: trap_request=0xffffffd6 fr.pc=0x00000235366f5ca8 relative=0x00000000000003c8
Event: 317.197 Thread 0x000002354370d9f0 Uncommon trap: reason=array_check action=maybe_recompile pc=0x00000235366f5ca8 method=java.util.AbstractCollection.toArray([Ljava/lang/Object;)[Ljava/lang/Object; @ 116 c2
Event: 317.197 Thread 0x000002354370d9f0 DEOPT PACKING pc=0x00000235366f5ca8 sp=0x000000518dcfe620
Event: 317.197 Thread 0x000002354370d9f0 DEOPT UNPACKING pc=0x0000023535d646a2 sp=0x000000518dcfe5c0 mode 2
Event: 317.197 Thread 0x000002354370d9f0 Uncommon trap: trap_request=0xffffffd6 fr.pc=0x00000235366f5ca8 relative=0x00000000000003c8
Event: 317.197 Thread 0x000002354370d9f0 Uncommon trap: reason=array_check action=maybe_recompile pc=0x00000235366f5ca8 method=java.util.AbstractCollection.toArray([Ljava/lang/Object;)[Ljava/lang/Object; @ 116 c2
Event: 317.197 Thread 0x000002354370d9f0 DEOPT PACKING pc=0x00000235366f5ca8 sp=0x000000518dcfe620
Event: 317.197 Thread 0x000002354370d9f0 DEOPT UNPACKING pc=0x0000023535d646a2 sp=0x000000518dcfe5c0 mode 2
Event: 317.198 Thread 0x000002354370d9f0 Uncommon trap: trap_request=0xffffffd6 fr.pc=0x00000235366f5ca8 relative=0x00000000000003c8
Event: 317.198 Thread 0x000002354370d9f0 Uncommon trap: reason=array_check action=maybe_recompile pc=0x00000235366f5ca8 method=java.util.AbstractCollection.toArray([Ljava/lang/Object;)[Ljava/lang/Object; @ 116 c2
Event: 317.198 Thread 0x000002354370d9f0 DEOPT PACKING pc=0x00000235366f5ca8 sp=0x000000518dcfe620
Event: 317.198 Thread 0x000002354370d9f0 DEOPT UNPACKING pc=0x0000023535d646a2 sp=0x000000518dcfe5c0 mode 2
Event: 317.199 Thread 0x000002354370d9f0 Uncommon trap: trap_request=0xffffffd6 fr.pc=0x00000235366f5ca8 relative=0x00000000000003c8
Event: 317.199 Thread 0x000002354370d9f0 Uncommon trap: reason=array_check action=maybe_recompile pc=0x00000235366f5ca8 method=java.util.AbstractCollection.toArray([Ljava/lang/Object;)[Ljava/lang/Object; @ 116 c2
Event: 317.199 Thread 0x000002354370d9f0 DEOPT PACKING pc=0x00000235366f5ca8 sp=0x000000518dcfe620
Event: 317.199 Thread 0x000002354370d9f0 DEOPT UNPACKING pc=0x0000023535d646a2 sp=0x000000518dcfe5c0 mode 2
Event: 317.469 Thread 0x000002354370d9f0 Uncommon trap: trap_request=0xfffffff4 fr.pc=0x0000023536872a88 relative=0x00000000000048e8
Event: 317.469 Thread 0x000002354370d9f0 Uncommon trap: reason=null_check action=make_not_entrant pc=0x0000023536872a88 method=java.lang.Class.getMethodsRecursive(Ljava/lang/String;[Ljava/lang/Class;Z)Ljava/lang/PublicMethods$MethodList; @ 26 c2
Event: 317.469 Thread 0x000002354370d9f0 DEOPT PACKING pc=0x0000023536872a88 sp=0x000000518dcfd010
Event: 317.469 Thread 0x000002354370d9f0 DEOPT UNPACKING pc=0x0000023535d646a2 sp=0x000000518dcfcff8 mode 2

Classes loaded (20 events):
Event: 30.890 Loading class java/util/AbstractMap$SimpleEntry
Event: 30.890 Loading class java/util/AbstractMap$SimpleEntry done
Event: 126.186 Loading class sun/security/ssl/Alert
Event: 126.187 Loading class sun/security/ssl/Alert done
Event: 126.187 Loading class sun/security/ssl/Alert$AlertConsumer
Event: 126.187 Loading class sun/security/ssl/Alert$AlertConsumer done
Event: 126.187 Loading class sun/security/ssl/Alert$Level
Event: 126.187 Loading class sun/security/ssl/Alert$Level done
Event: 167.775 Loading class sun/net/ConnectionResetException
Event: 167.775 Loading class sun/net/ConnectionResetException done
Event: 314.179 Loading class javax/management/NotificationBroadcasterSupport$WildcardListenerInfo
Event: 314.182 Loading class javax/management/NotificationBroadcasterSupport$WildcardListenerInfo done
Event: 314.442 Loading class java/util/WeakHashMap$KeyIterator
Event: 314.444 Loading class java/util/WeakHashMap$KeyIterator done
Event: 314.655 Loading class java/lang/ref/Finalizer$2
Event: 314.655 Loading class java/lang/ref/Finalizer$2 done
Event: 314.655 Loading class java/lang/ref/Finalizer$1
Event: 314.656 Loading class java/lang/ref/Finalizer$1 done
Event: 314.830 Loading class java/io/FileOutputStream$1
Event: 314.831 Loading class java/io/FileOutputStream$1 done

Classes unloaded (0 events):
No events

Classes redefined (0 events):
No events

Internal exceptions (20 events):
Event: 314.136 Thread 0x000002354370fac0 Exception <a 'java/io/IOException'{0x000000008cd1e2e0}> (0x000000008cd1e2e0) 
thrown [s\src\hotspot\share\prims\jni.cpp, line 520]
Event: 314.211 Thread 0x000002354370fac0 Exception <a 'java/io/IOException'{0x000000008cd38bb8}> (0x000000008cd38bb8) 
thrown [s\src\hotspot\share\prims\jni.cpp, line 520]
Event: 314.252 Thread 0x000002358d539ad0 Exception <a 'java/lang/InterruptedException'{0x000000008daa7948}: sleep interrupted> (0x000000008daa7948) 
thrown [s\src\hotspot\share\prims\jvm.cpp, line 3074]
Event: 314.451 Thread 0x000002358bbfac50 Exception <a 'java/lang/InterruptedException'{0x000000008cbccc48}: sleep interrupted> (0x000000008cbccc48) 
thrown [s\src\hotspot\share\prims\jvm.cpp, line 3074]
Event: 314.729 Thread 0x000002354370d9f0 Exception <a 'sun/nio/fs/WindowsException'{0x00000000fffaecf0}> (0x00000000fffaecf0) 
thrown [s\src\hotspot\share\prims\jni.cpp, line 520]
Event: 314.907 Thread 0x000002354370d9f0 Exception <a 'java/io/IOException'{0x00000000ffdf07c8}> (0x00000000ffdf07c8) 
thrown [s\src\hotspot\share\prims\jni.cpp, line 520]
Event: 314.907 Thread 0x000002354370d9f0 Exception <a 'java/io/IOException'{0x00000000ffdf0ae0}> (0x00000000ffdf0ae0) 
thrown [s\src\hotspot\share\prims\jni.cpp, line 520]
Event: 314.908 Thread 0x000002354370d9f0 Exception <a 'java/io/IOException'{0x00000000ffdf0e30}> (0x00000000ffdf0e30) 
thrown [s\src\hotspot\share\prims\jni.cpp, line 520]
Event: 314.908 Thread 0x000002354370d9f0 Exception <a 'java/io/IOException'{0x00000000ffdf1148}> (0x00000000ffdf1148) 
thrown [s\src\hotspot\share\prims\jni.cpp, line 520]
Event: 314.908 Thread 0x000002354370d9f0 Exception <a 'java/io/IOException'{0x00000000ffdf1778}> (0x00000000ffdf1778) 
thrown [s\src\hotspot\share\prims\jni.cpp, line 520]
Event: 314.908 Thread 0x000002354370d9f0 Exception <a 'java/io/IOException'{0x00000000ffdf1a90}> (0x00000000ffdf1a90) 
thrown [s\src\hotspot\share\prims\jni.cpp, line 520]
Event: 314.908 Thread 0x000002354370d9f0 Exception <a 'java/io/IOException'{0x00000000ffdf1de0}> (0x00000000ffdf1de0) 
thrown [s\src\hotspot\share\prims\jni.cpp, line 520]
Event: 314.908 Thread 0x000002354370d9f0 Exception <a 'java/io/IOException'{0x00000000ffdf20f8}> (0x00000000ffdf20f8) 
thrown [s\src\hotspot\share\prims\jni.cpp, line 520]
Event: 314.920 Thread 0x000002354370d9f0 Exception <a 'java/io/IOException'{0x0000000090b45790}> (0x0000000090b45790) 
thrown [s\src\hotspot\share\prims\jni.cpp, line 520]
Event: 314.920 Thread 0x000002354370d9f0 Exception <a 'java/io/IOException'{0x0000000090b45d58}> (0x0000000090b45d58) 
thrown [s\src\hotspot\share\prims\jni.cpp, line 520]
Event: 314.920 Thread 0x000002354370d9f0 Exception <a 'java/io/IOException'{0x0000000090b46b58}> (0x0000000090b46b58) 
thrown [s\src\hotspot\share\prims\jni.cpp, line 520]
Event: 314.920 Thread 0x000002354370d9f0 Exception <a 'java/io/IOException'{0x0000000090b47120}> (0x0000000090b47120) 
thrown [s\src\hotspot\share\prims\jni.cpp, line 520]
Event: 314.921 Thread 0x000002354370d9f0 Exception <a 'java/io/IOException'{0x0000000090b48380}> (0x0000000090b48380) 
thrown [s\src\hotspot\share\prims\jni.cpp, line 520]
Event: 314.921 Thread 0x000002354370d9f0 Exception <a 'java/io/IOException'{0x0000000090b48698}> (0x0000000090b48698) 
thrown [s\src\hotspot\share\prims\jni.cpp, line 520]
Event: 317.469 Thread 0x000002354370d9f0 Implicit null exception at 0x000002353686e759 to 0x0000023536872a74

ZGC Phase Switch (0 events):
No events

VM Operations (20 events):
Event: 216.185 Executing VM operation: Cleanup
Event: 216.186 Executing VM operation: Cleanup done
Event: 255.503 Executing VM operation: Cleanup
Event: 255.514 Executing VM operation: Cleanup done
Event: 307.829 Executing VM operation: Cleanup
Event: 307.829 Executing VM operation: Cleanup done
Event: 311.839 Executing VM operation: Cleanup
Event: 311.918 Executing VM operation: Cleanup done
Event: 312.919 Executing VM operation: Cleanup
Event: 312.920 Executing VM operation: Cleanup done
Event: 313.928 Executing VM operation: Cleanup
Event: 313.944 Executing VM operation: Cleanup done
Event: 314.456 Executing VM operation: G1CollectFull (System.gc())
Event: 314.654 Executing VM operation: G1CollectFull (System.gc()) done
Event: 315.666 Executing VM operation: Cleanup
Event: 315.688 Executing VM operation: Cleanup done
Event: 316.700 Executing VM operation: Cleanup
Event: 316.748 Executing VM operation: Cleanup done
Event: 317.752 Executing VM operation: Cleanup
Event: 319.519 Executing VM operation: Cleanup done

Memory protections (0 events):
No events

Nmethod flushes (20 events):
Event: 314.605 Thread 0x00000235435ef250 flushing  nmethod 0x000002352ea9d490
Event: 314.605 Thread 0x00000235435ef250 flushing  nmethod 0x000002352eb2b890
Event: 314.605 Thread 0x00000235435ef250 flushing  nmethod 0x000002352eb2f710
Event: 314.605 Thread 0x00000235435ef250 flushing  nmethod 0x000002352ebf3e90
Event: 314.605 Thread 0x00000235435ef250 flushing  nmethod 0x000002352ee36190
Event: 314.605 Thread 0x00000235435ef250 flushing  nmethod 0x000002352e900310
Event: 314.605 Thread 0x00000235435ef250 flushing  nmethod 0x000002352e978f90
Event: 314.605 Thread 0x00000235435ef250 flushing  nmethod 0x000002352eb5a810
Event: 314.605 Thread 0x00000235435ef250 flushing  nmethod 0x000002352f13e490
Event: 314.605 Thread 0x00000235435ef250 flushing  nmethod 0x000002352f2bcf10
Event: 314.605 Thread 0x00000235435ef250 flushing  nmethod 0x000002352ea05d90
Event: 314.605 Thread 0x00000235435ef250 flushing  nmethod 0x000002352eed6d10
Event: 314.605 Thread 0x00000235435ef250 flushing  nmethod 0x000002352f2fec90
Event: 314.605 Thread 0x00000235435ef250 flushing  nmethod 0x000002352f561790
Event: 314.605 Thread 0x00000235435ef250 flushing  nmethod 0x000002352f561e90
Event: 314.605 Thread 0x00000235435ef250 flushing  nmethod 0x000002352f564510
Event: 314.605 Thread 0x00000235435ef250 flushing  nmethod 0x000002352e8ec410
Event: 314.605 Thread 0x00000235435ef250 flushing  nmethod 0x000002352eb8f310
Event: 314.605 Thread 0x00000235435ef250 flushing  nmethod 0x000002352ed8e310
Event: 314.605 Thread 0x00000235435ef250 flushing  nmethod 0x000002352f1f2090

Events (20 events):
Event: 314.154 Thread 0x000002358d53e990 Thread exited: 0x000002358d53e990
Event: 314.154 Thread 0x000002354370d9f0 Thread exited: 0x000002354370d9f0
Event: 314.163 Thread 0x000002358d53c8c0 Thread exited: 0x000002358d53c8c0
Event: 314.253 Thread 0x000002358d539ad0 Thread exited: 0x000002358d539ad0
Event: 314.450 Thread 0x000002358bbfc000 Thread exited: 0x000002358bbfc000
Event: 314.450 Thread 0x000002358bbfb970 Thread exited: 0x000002358bbfb970
Event: 314.451 Thread 0x000002358bbfac50 Thread exited: 0x000002358bbfac50
Event: 314.657 Thread 0x000002354370fac0 Thread added: 0x000002354370eda0
Event: 314.657 Thread 0x000002354370eda0 Thread exited: 0x000002354370eda0
Event: 314.659 Thread 0x000002354370fac0 Thread added: 0x000002354370d9f0
Event: 314.780 Thread 0x000002354362ce10 Thread added: 0x0000023589de84b0
Event: 314.834 Thread 0x000002358a5fcda0 Thread exited: 0x000002358a5fcda0
Event: 314.865 Thread 0x000002354362ce10 Thread added: 0x000002358baaf730
Event: 314.886 Thread 0x000002354362ce10 Thread added: 0x0000023543887d80
Event: 314.895 Thread 0x000002354370d9f0 Thread added: 0x000002354370eda0
Event: 315.203 Thread 0x000002354370d9f0 Thread added: 0x000002354370c640
Event: 315.261 Thread 0x000002354370c640 Thread exited: 0x000002354370c640
Event: 315.712 Thread 0x0000023589de84b0 Thread exited: 0x0000023589de84b0
Event: 316.338 Thread 0x000002354361ef90 Thread added: 0x0000023589de84b0
Event: 317.486 Thread 0x0000023543887d80 Thread added: 0x000002358968b480


Dynamic libraries:
0x00007ff6ba0e0000 - 0x00007ff6ba0ee000 	C:\Users\guilh\.jdks\ms-21.0.8\bin\java.exe
0x00007ffb69a40000 - 0x00007ffb69ca8000 	C:\WINDOWS\SYSTEM32\ntdll.dll
0x00007ffb69430000 - 0x00007ffb694f9000 	C:\WINDOWS\System32\KERNEL32.DLL
0x00007ffb67270000 - 0x00007ffb67661000 	C:\WINDOWS\System32\KERNELBASE.dll
0x00007ffb66320000 - 0x00007ffb6646b000 	C:\WINDOWS\System32\ucrtbase.dll
0x00007ffb63560000 - 0x00007ffb6357e000 	C:\Users\guilh\.jdks\ms-21.0.8\bin\VCRUNTIME140.dll
0x00007ffb5bb90000 - 0x00007ffb5bba8000 	C:\Users\guilh\.jdks\ms-21.0.8\bin\jli.dll
0x00007ffb68040000 - 0x00007ffb68206000 	C:\WINDOWS\System32\USER32.dll
0x00007ffb52190000 - 0x00007ffb52423000 	C:\WINDOWS\WinSxS\amd64_microsoft.windows.common-controls_6595b64144ccf1df_6.0.26100.7824_none_3e0870b2e3345462\COMCTL32.dll
0x00007ffb66500000 - 0x00007ffb66527000 	C:\WINDOWS\System32\win32u.dll
0x00007ffb69630000 - 0x00007ffb696d9000 	C:\WINDOWS\System32\msvcrt.dll
0x00007ffb693a0000 - 0x00007ffb693cb000 	C:\WINDOWS\System32\GDI32.dll
0x00007ffb66530000 - 0x00007ffb6665b000 	C:\WINDOWS\System32\gdi32full.dll
0x00007ffb67110000 - 0x00007ffb671b3000 	C:\WINDOWS\System32\msvcp_win.dll
0x00007ffb691c0000 - 0x00007ffb691f1000 	C:\WINDOWS\System32\IMM32.DLL
0x00007ffb63b30000 - 0x00007ffb63b3c000 	C:\Users\guilh\.jdks\ms-21.0.8\bin\vcruntime140_1.dll
0x00007ffb48180000 - 0x00007ffb48209000 	C:\Users\guilh\.jdks\ms-21.0.8\bin\msvcp140.dll
0x00007ffae0090000 - 0x00007ffae0e3c000 	C:\Users\guilh\.jdks\ms-21.0.8\bin\server\jvm.dll
0x00007ffb68670000 - 0x00007ffb68724000 	C:\WINDOWS\System32\ADVAPI32.dll
0x00007ffb69950000 - 0x00007ffb699f6000 	C:\WINDOWS\System32\sechost.dll
0x00007ffb69510000 - 0x00007ffb69628000 	C:\WINDOWS\System32\RPCRT4.dll
0x00007ffb68290000 - 0x00007ffb68304000 	C:\WINDOWS\System32\WS2_32.dll
0x00007ffb660d0000 - 0x00007ffb6612e000 	C:\WINDOWS\SYSTEM32\POWRPROF.dll
0x00007ffb60770000 - 0x00007ffb6077b000 	C:\WINDOWS\SYSTEM32\VERSION.dll
0x00007ffb60730000 - 0x00007ffb60765000 	C:\WINDOWS\SYSTEM32\WINMM.dll
0x00007ffb65fb0000 - 0x00007ffb65fc4000 	C:\WINDOWS\SYSTEM32\UMPDC.dll
0x00007ffb650c0000 - 0x00007ffb650db000 	C:\WINDOWS\SYSTEM32\kernel.appcore.dll
0x00007ffb5bb00000 - 0x00007ffb5bb0a000 	C:\Users\guilh\.jdks\ms-21.0.8\bin\jimage.dll
0x00007ffb59810000 - 0x00007ffb59a52000 	C:\WINDOWS\SYSTEM32\DBGHELP.DLL
0x00007ffb687c0000 - 0x00007ffb68b46000 	C:\WINDOWS\System32\combase.dll
0x00007ffb69080000 - 0x00007ffb69157000 	C:\WINDOWS\System32\OLEAUT32.dll
0x00007ffb53d60000 - 0x00007ffb53d9b000 	C:\WINDOWS\SYSTEM32\dbgcore.DLL
0x00007ffb671c0000 - 0x00007ffb67265000 	C:\WINDOWS\System32\bcryptPrimitives.dll
0x00007ffb5b4c0000 - 0x00007ffb5b4d0000 	C:\Users\guilh\.jdks\ms-21.0.8\bin\instrument.dll
0x00007ffb586b0000 - 0x00007ffb586d1000 	C:\Users\guilh\.jdks\ms-21.0.8\bin\java.dll
0x00007ffb678e0000 - 0x00007ffb68032000 	C:\WINDOWS\System32\SHELL32.dll
0x00007ffb67670000 - 0x00007ffb677da000 	C:\WINDOWS\System32\wintypes.dll
0x00007ffb66660000 - 0x00007ffb66ec3000 	C:\WINDOWS\System32\windows.storage.dll
0x00007ffb68570000 - 0x00007ffb68666000 	C:\WINDOWS\System32\SHCORE.dll
0x00007ffb68220000 - 0x00007ffb68287000 	C:\WINDOWS\System32\shlwapi.dll
0x00007ffb66240000 - 0x00007ffb66269000 	C:\WINDOWS\SYSTEM32\profapi.dll
0x00007ffb435a0000 - 0x00007ffb43676000 	C:\Users\guilh\.jdks\ms-21.0.8\bin\jsvml.dll
0x00007ffb58690000 - 0x00007ffb586a8000 	C:\Users\guilh\.jdks\ms-21.0.8\bin\zip.dll
0x00007ffb5b440000 - 0x00007ffb5b451000 	C:\Users\guilh\.jdks\ms-21.0.8\bin\net.dll
0x00007ffb5df00000 - 0x00007ffb5e027000 	C:\WINDOWS\SYSTEM32\WINHTTP.dll
0x00007ffb65630000 - 0x00007ffb6569b000 	C:\WINDOWS\system32\mswsock.dll
0x00007ffb5b390000 - 0x00007ffb5b3a6000 	C:\Users\guilh\.jdks\ms-21.0.8\bin\nio.dll
0x00007ffb58680000 - 0x00007ffb58689000 	C:\Users\guilh\.jdks\ms-21.0.8\bin\extnet.dll
0x00007ffb57720000 - 0x00007ffb5772a000 	C:\Users\guilh\.jdks\ms-21.0.8\bin\management.dll
0x00007ffb57710000 - 0x00007ffb5771c000 	C:\Users\guilh\.jdks\ms-21.0.8\bin\management_ext.dll
0x00007ffb69420000 - 0x00007ffb69428000 	C:\WINDOWS\System32\PSAPI.DLL
0x00007ffb57730000 - 0x00007ffb5773e000 	C:\Users\guilh\.jdks\ms-21.0.8\bin\sunmscapi.dll
0x00007ffb66ed0000 - 0x00007ffb67047000 	C:\WINDOWS\System32\CRYPT32.dll
0x00007ffb65b20000 - 0x00007ffb65b50000 	C:\WINDOWS\SYSTEM32\ncrypt.dll
0x00007ffb65ad0000 - 0x00007ffb65b0f000 	C:\WINDOWS\SYSTEM32\NTASN1.dll
0x00007ffb65900000 - 0x00007ffb6591b000 	C:\WINDOWS\SYSTEM32\CRYPTSP.dll
0x00007ffb65020000 - 0x00007ffb65059000 	C:\WINDOWS\system32\rsaenh.dll
0x00007ffb656e0000 - 0x00007ffb6570b000 	C:\WINDOWS\SYSTEM32\USERENV.dll
0x00007ffb66210000 - 0x00007ffb6623a000 	C:\WINDOWS\SYSTEM32\bcrypt.dll
0x00007ffb65920000 - 0x00007ffb6592c000 	C:\WINDOWS\SYSTEM32\CRYPTBASE.dll
0x00007ffb64ac0000 - 0x00007ffb64af4000 	C:\WINDOWS\SYSTEM32\IPHLPAPI.DLL
0x00007ffb68210000 - 0x00007ffb6821a000 	C:\WINDOWS\System32\NSI.dll
0x00007ffb569f0000 - 0x00007ffb569f8000 	C:\WINDOWS\system32\wshunix.dll
0x00007ffb64b50000 - 0x00007ffb64c7c000 	C:\WINDOWS\SYSTEM32\DNSAPI.dll
0x00007ffb5d320000 - 0x00007ffb5d32b000 	C:\Windows\System32\rasadhlp.dll
0x00007ffb61260000 - 0x00007ffb612e6000 	C:\WINDOWS\System32\fwpuclnt.dll
0x00007ffb3c1c0000 - 0x00007ffb3c352000 	C:\Users\guilh\.jdks\ms-21.0.8\bin\awt.dll
0x00007ffb63ba0000 - 0x00007ffb63c3e000 	C:\WINDOWS\SYSTEM32\apphelp.dll

JVMTI agents:
C:\Program Files\JetBrains\IntelliJ IDEA Community Edition 2025.2.1\lib\idea_rt.jar path:C:\Users\guilh\.jdks\ms-21.0.8\bin\instrument.dll, loaded, initialized, instrumentlib options:56226

dbghelp: loaded successfully - version: 4.0.5 - missing functions: none
symbol engine: initialized successfully - sym options: 0x614 - pdb path: .;C:\Users\guilh\.jdks\ms-21.0.8\bin;C:\WINDOWS\SYSTEM32;C:\WINDOWS\WinSxS\amd64_microsoft.windows.common-controls_6595b64144ccf1df_6.0.26100.7824_none_3e0870b2e3345462;C:\Users\guilh\.jdks\ms-21.0.8\bin\server

VM Arguments:
jvm_args: --enable-preview -javaagent:C:\Program Files\JetBrains\IntelliJ IDEA Community Edition 2025.2.1\lib\idea_rt.jar=56226 -Dfile.encoding=UTF-8 -Dsun.stdout.encoding=UTF-8 -Dsun.stderr.encoding=UTF-8 
java_command: com.example.ms_report_async.MsReportAsyncApplication
java_class_path (initial): C:\Users\guilh\OneDrive\Desktop\sptech\PI\ms async\ms-report-async\target\classes;C:\Users\guilh\.m2\repository\org\springframework\boot\spring-boot-starter-actuator\4.0.3\spring-boot-starter-actuator-4.0.3.jar;C:\Users\guilh\.m2\repository\org\springframework\boot\spring-boot-starter\4.0.3\spring-boot-starter-4.0.3.jar;C:\Users\guilh\.m2\repository\org\springframework\boot\spring-boot-starter-logging\4.0.3\spring-boot-starter-logging-4.0.3.jar;C:\Users\guilh\.m2\repository\ch\qos\logback\logback-classic\1.5.32\logback-classic-1.5.32.jar;C:\Users\guilh\.m2\repository\ch\qos\logback\logback-core\1.5.32\logback-core-1.5.32.jar;C:\Users\guilh\.m2\repository\org\apache\logging\log4j\log4j-to-slf4j\2.25.3\log4j-to-slf4j-2.25.3.jar;C:\Users\guilh\.m2\repository\org\apache\logging\log4j\log4j-api\2.25.3\log4j-api-2.25.3.jar;C:\Users\guilh\.m2\repository\org\slf4j\jul-to-slf4j\2.0.17\jul-to-slf4j-2.0.17.jar;C:\Users\guilh\.m2\repository\jakarta\annotation\jakarta.annotation-api\3.0.0\jakarta.annotation-api-3.0.0.jar;C:\Users\guilh\.m2\repository\org\yaml\snakeyaml\2.5\snakeyaml-2.5.jar;C:\Users\guilh\.m2\repository\org\springframework\boot\spring-boot-starter-micrometer-metrics\4.0.3\spring-boot-starter-micrometer-metrics-4.0.3.jar;C:\Users\guilh\.m2\repository\org\springframework\boot\spring-boot-micrometer-metrics\4.0.3\spring-boot-micrometer-metrics-4.0.3.jar;C:\Users\guilh\.m2\repository\org\springframework\boot\spring-boot-micrometer-observation\4.0.3\spring-boot-micrometer-observation-4.0.3.jar;C:\Users\guilh\.m2\repository\org\springframework\boot\spring-boot-actuator-autoconfigure\4.0.3\spring-boot-actuator-autoconfigure-4.0.3.jar;C:\Users\guilh\.m2\repository\org\springframework\boot\spring-boot-actuator\4.0.3\spring-boot-actuator-4.0.3.jar;C:\Users\guilh\.m2\repository\org\springframework\boot\spring-boot-health\4.0.3\spring-boot-health-4.0.3.jar;C:\Users\guilh\.m2\repository\io\micrometer\micrometer-observation\1.16.3\micrometer-observation-1.16.3.jar;C:\Users\guilh\.m2\repository\org\jspecify\jspecify\1.0.0\jspecify-1.0.0.jar;C:\Users\guilh\.m2\repository\io\micrometer\micrometer-commons\1.16.3\micrometer-commons-1.16.3.jar;C:\Users\guilh\.m2\repository\io\micrometer\micrometer-jakarta9\1.16.3\micrometer-jakarta9-1.16.3.jar;C:\Users\guilh\.m2\repository\io\micrometer\micrometer-core\1.16.3\micrometer-core-1.16.3.jar;C:\Users\guilh\.m2\repository\org\hdrhistogram\HdrHistogram\2.2.2\HdrHistogram-2.2.2.jar;C:\Users\guilh\.m2\repository\org\latencyutils\LatencyUtils\2.0.3\LatencyUtils-2.0.3.jar;C:\Users\guilh\.m2\repository\org\springframework\boot\spring-boot-starter-validation\4.0.3\spring-boot-starter-validation-4.0.3.jar;C:\Users\guilh\.m2\repository\org\springframework\boot\spring-boot-validation\4.0.3\spring-boot-validation-4.0.3.jar;C:\Users\guilh\.m2\repository\org\apache\tomcat\embed\tomcat-embed-el\11.0.18\tomcat-embed-el-11.0.18.jar;C:\Users\guilh\.m2\repository\org\hibernate\validator\hibernate-validator\9.0.1.Final\hibernate-validator-9.0.1.Final.jar;C:\Users\guilh\.m2\repository\jakarta\validation\jakarta.validation-api\3.1.1\jakarta.validation-api-3.1.1.jar;C:\Users\guilh\.m2\repository\org\jboss\logging\jboss-logging\3.6.2.Final\jboss-logging-3.6.2.Final.jar;C:\Users\guilh\.m2\repository\com\fasterxml\classmate\1.7.3\classmate-1.7.3.jar;C:\Users\guilh\.m2\repository\org\springframework\boot\spring-boot-starter-webmvc\4.0.3\spring-boot-starter-webmvc-4.0.3.jar;C:\Users\guilh\.m2\repository\org\springframework\boot\spring-boot-starter-jackson\4.0.3\spring-boot-starter-jackson-4.0.3.jar;C:\Users\guilh\.m2\repository\org\springframework\boot\spring-boot-jackson\4.0.3\spring-boot-jackson-4.0.3.jar;C:\Users\guilh\.m2\repository\tools\jackson\core\jackson-databind\3.0.4\jackson-databind-3.0.4.jar;C:\Users\guilh\.m2\repository\com\fasterxml\jackson\core\jackson-annotations\2.20\jackson-annotations-2.20.jar;C:\Users\guilh\.m2\repository\tools\jackson\core\jackson-core\3.0.4\jackson-core-3.0.4.jar;C:\Users\guilh\.m2\repository\org\springframework\boot\spring-boot-starter-tomcat\4.0.3\spring-boot-starter-tomcat-4.0.3.jar;C:\Users\guilh\.m2\repository\org\springframework\boot\spring-boot-starter-tomcat-runtime\4.0.3\spring-boot-starter-tomcat-runtime-4.0.3.jar;C:\Users\guilh\.m2\repository\org\apache\tomcat\embed\tomcat-embed-core\11.0.18\tomcat-embed-core-11.0.18.jar;C:\Users\guilh\.m2\repository\org\apache\tomcat\embed\tomcat-embed-websocket\11.0.18\tomcat-embed-websocket-11.0.18.jar;C:\Users\guilh\.m2\repository\org\springframework\boot\spring-boot-tomcat\4.0.3\spring-boot-tomcat-4.0.3.jar;C:\Users\guilh\.m2\repository\org\springframework\boot\spring-boot-http-converter\4.0.3\spring-boot-http-converter-4.0.3.jar;C:\Users\guilh\.m2\repository\org\springframework\spring-web\7.0.5\spring-web-7.0.5.jar;C:\Users\guilh\.m2\repository\org\springframework\spring-beans\7.0.5\spring-beans-7.0.5.jar;C:\Users\guilh\.m2\repository\org\springframework\boot\spring-boot-webmvc\4.0.3\spring-boot-webmvc-4.0.3.jar;C:\Users\guilh\.m2\repository\org\springframework\boot\spring-boot-servlet\4.0.3\spring-boot-servlet-4.0.3.jar;C:\Users\guilh\.m2\repository\org\springframework\spring-webmvc\7.0.5\spring-webmvc-7.0.5.jar;C:\Users\guilh\.m2\repository\org\springframework\spring-aop\7.0.5\spring-aop-7.0.5.jar;C:\Users\guilh\.m2\repository\org\springframework\spring-expression\7.0.5\spring-expression-7.0.5.jar;C:\Users\guilh\.m2\repository\org\springframework\boot\spring-boot-devtools\4.0.3\spring-boot-devtools-4.0.3.jar;C:\Users\guilh\.m2\repository\org\springframework\boot\spring-boot\4.0.3\spring-boot-4.0.3.jar;C:\Users\guilh\.m2\repository\org\springframework\spring-core\7.0.5\spring-core-7.0.5.jar;C:\Users\guilh\.m2\repository\commons-logging\commons-logging\1.3.5\commons-logging-1.3.5.jar;C:\Users\guilh\.m2\repository\org\springframework\spring-context\7.0.5\spring-context-7.0.5.jar;C:\Users\guilh\.m2\repository\org\springframework\boot\spring-boot-autoconfigure\4.0.3\spring-boot-autoconfigure-4.0.3.jar;C:\Users\guilh\.m2\repository\org\projectlombok\lombok\1.18.42\lombok-1.18.42.jar;C:\Users\guilh\.m2\repository\jakarta\xml\bind\jakarta.xml.bind-api\4.0.4\jakarta.xml.bind-api-4.0.4.jar;C:\Users\guilh\.m2\repository\jakarta\activation\jakarta.activation-api\2.1.4\jakarta.activation-api-2.1.4.jar;C:\Users\guilh\.m2\repository\org\springframework\boot\spring-boot-web-server\4.0.3\spring-boot-web-server-4.0.3.jar;C:\Users\guilh\.m2\repository\software\amazon\awssdk\s3\2.29.0\s3-2.29.0.jar;C:\Users\guilh\.m2\repository\software\amazon\awssdk\aws-xml-protocol\2.29.0\aws-xml-protocol-2.29.0.jar;C:\Users\guilh\.m2\repository\software\amazon\awssdk\aws-query-protocol\2.29.0\aws-query-protocol-2.29.0.jar;C:\Users\guilh\.m2\repository\software\amazon\awssdk\protocol-core\2.29.0\protocol-core-2.29.0.jar;C:\Users\guilh\.m2\repository\software\amazon\awssdk\arns\2.29.0\arns-2.29.0.jar;C:\Users\guilh\.m2\repository\software\amazon\awssdk\profiles\2.29.0\profiles-2.29.0.jar;C:\Users\guilh\.m2\repository\software\amazon\awssdk\crt-core\2.29.0\crt-core-2.29.0.jar;C:\Users\guilh\.m2\repository\software\amazon\awssdk\http-auth\2.29.0\http-auth-2.29.0.jar;C:\Users\guilh\.m2\repository\software\amazon\awssdk\identity-spi\2.29.0\identity-spi-2.29.0.jar;C:\Users\guilh\.m2\repository\software\amazon\awssdk\http-auth-spi\2.29.0\http-auth-spi-2.29.0.jar;C:\Users\guilh\.m2\repository\org\reactivestreams\reactive-streams\1.0.4\reactive-streams-1.0.4.jar;C:\Users\guilh\.m2\repository\software\amazon\awssdk\http-auth-aws\2.29.0\http-auth-aws-2.29.0.jar;C:\Users\guilh\.m2\repository\software\amazon\awssdk\checksums\2.29.0\checksums-2.29.0.jar;C:\Users\guilh\.m2\repository\software\amazon\awssdk\checksums-spi\2.29.0\checksums-spi-2.29.0.jar;C:\Users\guilh\.m2\repository\software\amazon\awssdk\retries-spi\2.29.0\retries-spi-2.29.0.jar;C:\Users\guilh\.m2\repository\software\amazon\awssdk\sdk-core\2.29.0\sdk-core-2.29.0.jar;C:\Users\guilh\.m2\repository\software\amazon\awssdk\retries\2.29.0\retries-2.29.0.jar;C:\Users\guilh\.m2\repository\org\slf4j\slf4j-api\2.0.17\slf4j-api-2.0.17.jar;C:\Users\guilh\.m2\repository\software\amazon\awssdk\auth\2.29.0\auth-2.29.0.jar;C:\Users\guilh\.m2\repository\software\amazon\awssdk\http-auth-aws-eventstream\2.29.0\http-auth-aws-eventstream-2.29.0.jar;C:\Users\guilh\.m2\repository\software\amazon\eventstream\eventstream\1.0.1\eventstream-1.0.1.jar;C:\Users\guilh\.m2\repository\software\amazon\awssdk\http-client-spi\2.29.0\http-client-spi-2.29.0.jar;C:\Users\guilh\.m2\repository\software\amazon\awssdk\regions\2.29.0\regions-2.29.0.jar;C:\Users\guilh\.m2\repository\software\amazon\awssdk\annotations\2.29.0\annotations-2.29.0.jar;C:\Users\guilh\.m2\repository\software\amazon\awssdk\utils\2.29.0\utils-2.29.0.jar;C:\Users\guilh\.m2\repository\software\amazon\awssdk\aws-core\2.29.0\aws-core-2.29.0.jar;C:\Users\guilh\.m2\repository\software\amazon\awssdk\metrics-spi\2.29.0\metrics-spi-2.29.0.jar;C:\Users\guilh\.m2\repository\software\amazon\awssdk\json-utils\2.29.0\json-utils-2.29.0.jar;C:\Users\guilh\.m2\repository\software\amazon\awssdk\third-party-jackson-core\2.29.0\third-party-jackson-core-2.29.0.jar;C:\Users\guilh\.m2\repository\software\amazon\awssdk\endpoints-spi\2.29.0\endpoints-spi-2.29.0.jar;C:\Users\guilh\.m2\repository\software\amazon\awssdk\apache-client\2.29.0\apache-client-2.29.0.jar;C:\Users\guilh\.m2\repository\org\apache\httpcomponents\httpclient\4.5.13\httpclient-4.5.13.jar;C:\Users\guilh\.m2\repository\org\apache\httpcomponents\httpcore\4.4.16\httpcore-4.4.16.jar;C:\Users\guilh\.m2\repository\commons-codec\commons-codec\1.19.0\commons-codec-1.19.0.jar;C:\Users\guilh\.m2\repository\software\amazon\awssdk\netty-nio-client\2.29.0\netty-nio-client-2.29.0.jar;C:\Users\guilh\.m2\repository\io\netty\netty-codec-http\4.2.10.Final\netty-codec-http-4.2.10.Final.jar;C:\Users\guilh\.m2\repository\io\netty\netty-codec-base\4.2.10.Final\netty-codec-base-4.2.10.Final.jar;C:\Users\guilh\.m2\repository\io\netty\netty-codec-compression\4.2.10.Final\netty-codec-compression-4.2.10.Final.jar;C:\Users\guilh\.m2\repository\io\netty\netty-codec-http2\4.2.10.Final\netty-codec-http2-4.2.10.Final.jar;C:\Users\guilh\.m2\repository\io\netty\netty-codec\4.2.10.Final\netty-codec-4.2.10.Final.jar;C:\Users\guilh\.m2\repository\io\netty\netty-codec-protobuf\4.2.10.Final\netty-codec-protobuf-4.2.10.Final.jar;C:\Users\guilh\.m2\repository\io\netty\netty-codec-marshalling\4.2.10.Final\netty-codec-marshalling-4.2.10.Final.jar;C:\Users\guilh\.m2\repository\io\netty\netty-transport\4.2.10.Final\netty-transport-4.2.10.Final.jar;C:\Users\guilh\.m2\repository\io\netty\netty-common\4.2.10.Final\netty-common-4.2.10.Final.jar;C:\Users\guilh\.m2\repository\io\netty\netty-buffer\4.2.10.Final\netty-buffer-4.2.10.Final.jar;C:\Users\guilh\.m2\repository\io\netty\netty-handler\4.2.10.Final\netty-handler-4.2.10.Final.jar;C:\Users\guilh\.m2\repository\io\netty\netty-transport-native-unix-common\4.2.10.Final\netty-transport-native-unix-common-4.2.10.Final.jar;C:\Users\guilh\.m2\repository\io\netty\netty-transport-classes-epoll\4.2.10.Final\netty-transport-classes-epoll-4.2.10.Final.jar;C:\Users\guilh\.m2\repository\io\netty\netty-resolver\4.2.10.Final\netty-resolver-4.2.10.Final.jar;C:\Users\guilh\.m2\repository\org\apache\commons\commons-csv\1.10.0\commons-csv-1.10.0.jar;C:\Users\guilh\.m2\repository\com\github\librepdf\openpdf\1.3.32\openpdf-1.3.32.jar;C:\Users\guilh\.m2\repository\org\springframework\boot\spring-boot-starter-amqp\4.0.3\spring-boot-starter-amqp-4.0.3.jar;C:\Users\guilh\.m2\repository\org\springframework\boot\spring-boot-amqp\4.0.3\spring-boot-amqp-4.0.3.jar;C:\Users\guilh\.m2\repository\org\springframework\spring-messaging\7.0.5\spring-messaging-7.0.5.jar;C:\Users\guilh\.m2\repository\org\springframework\amqp\spring-rabbit\4.0.2\spring-rabbit-4.0.2.jar;C:\Users\guilh\.m2\repository\org\springframework\amqp\spring-amqp\4.0.2\spring-amqp-4.0.2.jar;C:\Users\guilh\.m2\repository\com\rabbitmq\amqp-client\5.27.1\amqp-client-5.27.1.jar;C:\Users\guilh\.m2\repository\org\springframework\spring-tx\7.0.5\spring-tx-7.0.5.jar;C:\Users\guilh\.m2\repository\org\springframework\boot\spring-boot-transaction\4.0.3\spring-boot-transaction-4.0.3.jar;C:\Users\guilh\.m2\repository\org\springframework\boot\spring-boot-persistence\4.0.3\spring-boot-persistence-4.0.3.jar;C:\Users\guilh\.m2\repository\com\google\code\gson\gson\2.13.2\gson-2.13.2.jar;C:\Users\guilh\.m2\repository\com\google\errorprone\error_prone_annotations\2.41.0\error_prone_annotations-2.41.0.jar;C:\Users\guilh\.m2\repository\org\springdoc\springdoc-openapi-starter-webmvc-ui\2.3.0\springdoc-openapi-starter-webmvc-ui-2.3.0.jar;C:\Users\guilh\.m2\repository\org\springdoc\springdoc-openapi-starter-webmvc-api\2.3.0\springdoc-openapi-starter-webmvc-api-2.3.0.jar;C:\Users\guilh\.m2\repository\org\springdoc\springdoc-openapi-starter-common\2.3.0\springdoc-openapi-starter-common-2.3.0.jar;C:\Users\guilh\.m2\repository\io\swagger\core\v3\swagger-core-jakarta\2.2.19\swagger-core-jakarta-2.2.19.jar;C:\Users\guilh\.m2\repository\org\apache\commons\commons-lang3\3.19.0\commons-lang3-3.19.0.jar;C:\Users\guilh\.m2\repository\io\swagger\core\v3\swagger-annotations-jakarta\2.2.19\swagger-annotations-jakarta-2.2.19.jar;C:\Users\guilh\.m2\repository\io\swagger\core\v3\swagger-models-jakarta\2.2.19\swagger-models-jakarta-2.2.19.jar;C:\Users\guilh\.m2\repository\com\fasterxml\jackson\core\jackson-databind\2.20.2\jackson-databind-2.20.2.jar;C:\Users\guilh\.m2\repository\com\fasterxml\jackson\core\jackson-core\2.20.2\jackson-core-2.20.2.jar;C:\Users\guilh\.m2\repository\com\fasterxml\jackson\dataformat\jackson-dataformat-yaml\2.20.2\jackson-dataformat-yaml-2.20.2.jar;C:\Users\guilh\.m2\repository\com\fasterxml\jackson\datatype\jackson-datatype-jsr310\2.20.2\jackson-datatype-jsr310-2.20.2.jar;C:\Users\guilh\.m2\repository\org\webjars\swagger-ui\5.10.3\swagger-ui-5.10.3.jar
Launcher Type: SUN_STANDARD

[Global flags]
     intx CICompilerCount                          = 12                                        {product} {ergonomic}
     uint ConcGCThreads                            = 3                                         {product} {ergonomic}
     uint G1ConcRefinementThreads                  = 13                                        {product} {ergonomic}
   size_t G1HeapRegionSize                         = 1048576                                   {product} {ergonomic}
    uintx GCDrainStackTargetSize                   = 64                                        {product} {ergonomic}
   size_t InitialHeapSize                          = 125829120                                 {product} {ergonomic}
   size_t MarkStackSize                            = 4194304                                   {product} {ergonomic}
   size_t MaxHeapSize                              = 1992294400                                {product} {ergonomic}
   size_t MaxNewSize                               = 1195376640                                {product} {ergonomic}
   size_t MinHeapDeltaBytes                        = 1048576                                   {product} {ergonomic}
   size_t MinHeapSize                              = 8388608                                   {product} {ergonomic}
    uintx NonNMethodCodeHeapSize                   = 7602480                                {pd product} {ergonomic}
    uintx NonProfiledCodeHeapSize                  = 122027880                              {pd product} {ergonomic}
    uintx ProfiledCodeHeapSize                     = 122027880                              {pd product} {ergonomic}
    uintx ReservedCodeCacheSize                    = 251658240                              {pd product} {ergonomic}
     bool SegmentedCodeCache                       = true                                      {product} {ergonomic}
   size_t SoftMaxHeapSize                          = 1992294400                             {manageable} {ergonomic}
     bool UseCompressedOops                        = true                           {product lp64_product} {ergonomic}
     bool UseG1GC                                  = true                                      {product} {ergonomic}
     bool UseLargePagesIndividualAllocation        = false                                  {pd product} {ergonomic}

Logging:
Log output configuration:
 #0: stdout all=warning uptime,level,tags foldmultilines=false
 #1: stderr all=off uptime,level,tags foldmultilines=false

Environment Variables:
PATH=C:\WINDOWS\system32;C:\WINDOWS;C:\WINDOWS\System32\Wbem;C:\WINDOWS\System32\WindowsPowerShell\v1.0\;C:\WINDOWS\System32\OpenSSH\;C:\Program Files\Docker\Docker\resources\bin;C:\Program Files (x86)\NVIDIA Corporation\PhysX\Common;C:\Program Files\Git\cmd;C:\Program Files\nodejs\;C:\ProgramData\chocolatey\bin;C:\Program Files\MySQL\MySQL Shell 8.0\bin\;C:\Users\guilh\AppData\Local\Programs\Python\Python313\Scripts\;C:\Users\guilh\AppData\Local\Programs\Python\Python313\;C:\Users\guilh\AppData\Local\Programs\Python\Launcher\;C:\Users\guilh\AppData\Local\Microsoft\WindowsApps;C:\Users\guilh\AppData\Local\Programs\Microsoft VS Code\bin;C:\Users\guilh\.poetry\bin;;c:\users\guilh\appdata\roaming\python\python313\scripts;c:\users\guilh\.local\bin;C:\Program Files\JetBrains\IntelliJ IDEA Community Edition 2025.1.3\bin;;C:\Users\guilh\AppData\Roaming\npm;C:\Program Files (x86)\Graphviz\bin
USERNAME=guilh
OS=Windows_NT
PROCESSOR_IDENTIFIER=AMD64 Family 23 Model 96 Stepping 1, AuthenticAMD
TMP=C:\Users\guilh\AppData\Local\Temp
TEMP=C:\Users\guilh\AppData\Local\Temp




Periodic native trim disabled

---------------  S Y S T E M  ---------------

OS:
 Windows 11 , 64 bit Build 26100 (10.0.26100.7705)
OS uptime: 7 days 2:47 hours
Hyper-V role detected

CPU: total 16 (initial active 16) (16 cores per cpu, 2 threads per core) family 23 model 96 stepping 1 microcode 0x8600109, cx8, cmov, fxsr, ht, mmx, 3dnowpref, sse, sse2, sse3, ssse3, sse4a, sse4.1, sse4.2, popcnt, lzcnt, tsc, tscinvbit, avx, avx2, aes, clmul, bmi1, bmi2, adx, sha, fma, vzeroupper, clflush, clflushopt, hv, rdtscp, rdpid, f16c
Processor Information for the first 16 processors :
  Max Mhz: 2901, Current Mhz: 2462, Mhz Limit: 2901

Memory: 4k page, system-wide physical 7596M (856M free)
TotalPageFile size 15788M (AvailPageFile size 5M)
current process WorkingSet (physical memory assigned to process): 224M, peak: 323M
current process commit charge ("private bytes"): 377M, peak: 398M

vm_info: OpenJDK 64-Bit Server VM (21.0.8+9-LTS) for windows-amd64 JRE (21.0.8+9-LTS), built on 2025-07-10T20:22:44Z by "MicrosoftCorporation" with unknown MS VC++:1944

END.
