2026-05-19 09:01:10.797 [background-preinit] INFO  o.h.validator.internal.util.Version [] - HV000001: Hibernate Validator 8.0.2.Final
2026-05-19 09:01:10.849 [restartedMain] INFO  c.e.m.MsReportAsyncApplication [] - Starting MsReportAsyncApplication using Java 21.0.11 with PID 14655 (/home/guilherme/Área de trabalho/sptech/PI/async-microservice/target/classes started by guilherme in /home/guilherme/Área de trabalho/sptech/PI/async-microservice)
2026-05-19 09:01:10.850 [restartedMain] DEBUG c.e.m.MsReportAsyncApplication [] - Running with Spring Boot v3.4.4, Spring v6.2.5
2026-05-19 09:01:10.851 [restartedMain] INFO  c.e.m.MsReportAsyncApplication [] - No active profile set, falling back to 1 default profile: "default"
2026-05-19 09:01:10.919 [restartedMain] INFO  o.s.b.d.e.DevToolsPropertyDefaultsPostProcessor [] - Devtools property defaults active! Set 'spring.devtools.add-properties' to 'false' to disable
2026-05-19 09:01:10.920 [restartedMain] INFO  o.s.b.d.e.DevToolsPropertyDefaultsPostProcessor [] - For additional web related logging consider setting the 'logging.level.web' property to 'DEBUG'
2026-05-19 09:01:12.355 [restartedMain] INFO  o.s.b.w.e.tomcat.TomcatWebServer [] - Tomcat initialized with port 8081 (http)
2026-05-19 09:01:12.365 [restartedMain] INFO  o.a.coyote.http11.Http11NioProtocol [] - Initializing ProtocolHandler ["http-nio-8081"]
2026-05-19 09:01:12.368 [restartedMain] INFO  o.a.catalina.core.StandardService [] - Starting service [Tomcat]
2026-05-19 09:01:12.368 [restartedMain] INFO  o.a.catalina.core.StandardEngine [] - Starting Servlet engine: [Apache Tomcat/10.1.39]
2026-05-19 09:01:12.397 [restartedMain] INFO  o.a.c.c.C.[Tomcat].[localhost].[/] [] - Initializing Spring embedded WebApplicationContext
2026-05-19 09:01:12.398 [restartedMain] INFO  o.s.b.w.s.c.ServletWebServerApplicationContext [] - Root WebApplicationContext: initialization completed in 1477 ms
2026-05-19 09:01:13.701 [restartedMain] INFO  o.s.b.d.a.OptionalLiveReloadServer [] - LiveReload server is running on port 35729
2026-05-19 09:01:13.712 [restartedMain] INFO  o.s.b.a.e.web.EndpointLinksResolver [] - Exposing 1 endpoint beneath base path '/actuator'
2026-05-19 09:01:13.743 [restartedMain] DEBUG o.s.a.r.l.a.MessagingMessageListenerAdapter [] - Inferred argument type for public void com.example.ms_report_async.infraestructure.async.RabbitImportListener.receive(com.example.ms_report_async.application.dto.JobMessage) is class com.example.ms_report_async.application.dto.JobMessage
2026-05-19 09:01:13.754 [restartedMain] DEBUG o.s.a.r.l.SimpleMessageListenerContainer [] - No global properties bean
2026-05-19 09:01:13.772 [restartedMain] INFO  o.a.coyote.http11.Http11NioProtocol [] - Starting ProtocolHandler ["http-nio-8081"]
2026-05-19 09:01:13.785 [restartedMain] INFO  o.s.b.w.e.tomcat.TomcatWebServer [] - Tomcat started on port 8081 (http) with context path '/'
2026-05-19 09:01:13.786 [restartedMain] DEBUG o.s.a.r.l.SimpleMessageListenerContainer [] - Starting Rabbit listener container.
2026-05-19 09:01:13.788 [restartedMain] INFO  o.s.a.r.c.CachingConnectionFactory [] - Attempting to connect to: [localhost:5672]
2026-05-19 09:01:13.799 [restartedMain] INFO  o.s.a.r.l.SimpleMessageListenerContainer [] - Broker not available; cannot force queue declarations during start: java.net.ConnectException: Connection refused
2026-05-19 09:01:13.806 [org.springframework.amqp.rabbit.RabbitListenerEndpointContainer#0-1] INFO  o.s.a.r.c.CachingConnectionFactory [] - Attempting to connect to: [localhost:5672]
2026-05-19 09:01:13.807 [org.springframework.amqp.rabbit.RabbitListenerEndpointContainer#0-1] ERROR o.s.a.r.l.SimpleMessageListenerContainer [] - Failed to check/redeclare auto-delete queue(s).
org.springframework.amqp.AmqpConnectException: java.net.ConnectException: Connection refused
	at org.springframework.amqp.rabbit.support.RabbitExceptionTranslator.convertRabbitAccessException(RabbitExceptionTranslator.java:61)
	at org.springframework.amqp.rabbit.connection.AbstractConnectionFactory.createBareConnection(AbstractConnectionFactory.java:632)
	at org.springframework.amqp.rabbit.connection.CachingConnectionFactory.createConnection(CachingConnectionFactory.java:726)
	at org.springframework.amqp.rabbit.connection.ConnectionFactoryUtils.createConnection(ConnectionFactoryUtils.java:257)
	at org.springframework.amqp.rabbit.core.RabbitTemplate.doExecute(RabbitTemplate.java:2262)
	at org.springframework.amqp.rabbit.core.RabbitTemplate.execute(RabbitTemplate.java:2235)
	at org.springframework.amqp.rabbit.core.RabbitTemplate.execute(RabbitTemplate.java:2215)
	at org.springframework.amqp.rabbit.core.RabbitAdmin.getQueueInfo(RabbitAdmin.java:467)
	at org.springframework.amqp.rabbit.core.RabbitAdmin.getQueueProperties(RabbitAdmin.java:451)
	at org.springframework.amqp.rabbit.listener.AbstractMessageListenerContainer.attemptDeclarations(AbstractMessageListenerContainer.java:1972)
	at org.springframework.amqp.rabbit.listener.AbstractMessageListenerContainer.redeclareElementsIfNecessary(AbstractMessageListenerContainer.java:1936)
	at org.springframework.amqp.rabbit.listener.SimpleMessageListenerContainer$AsyncMessageProcessingConsumer.initialize(SimpleMessageListenerContainer.java:1481)
	at org.springframework.amqp.rabbit.listener.SimpleMessageListenerContainer$AsyncMessageProcessingConsumer.run(SimpleMessageListenerContainer.java:1322)
	at java.base/java.lang.Thread.run(Thread.java:1583)
Caused by: java.net.ConnectException: Connection refused
	at java.base/sun.nio.ch.Net.pollConnect(Native Method)
	at java.base/sun.nio.ch.Net.pollConnectNow(Net.java:694)
	at java.base/sun.nio.ch.NioSocketImpl.timedFinishConnect(NioSocketImpl.java:542)
	at java.base/sun.nio.ch.NioSocketImpl.connect(NioSocketImpl.java:592)
	at java.base/java.net.SocksSocketImpl.connect(SocksSocketImpl.java:327)
	at java.base/java.net.Socket.connect(Socket.java:751)
	at com.rabbitmq.client.impl.SocketFrameHandlerFactory.create(SocketFrameHandlerFactory.java:61)
	at com.rabbitmq.client.ConnectionFactory.newConnection(ConnectionFactory.java:1249)
	at com.rabbitmq.client.ConnectionFactory.newConnection(ConnectionFactory.java:1198)
	at org.springframework.amqp.rabbit.connection.AbstractConnectionFactory.connectAddresses(AbstractConnectionFactory.java:678)
	at org.springframework.amqp.rabbit.connection.AbstractConnectionFactory.connect(AbstractConnectionFactory.java:647)
	at org.springframework.amqp.rabbit.connection.AbstractConnectionFactory.createBareConnection(AbstractConnectionFactory.java:593)
	... 12 common frames omitted
2026-05-19 09:01:13.811 [org.springframework.amqp.rabbit.RabbitListenerEndpointContainer#0-1] DEBUG o.s.a.r.l.BlockingQueueConsumer [] - Starting consumer Consumer@55438273: tags=[[]], channel=null, acknowledgeMode=AUTO local queue size=0
2026-05-19 09:01:13.813 [org.springframework.amqp.rabbit.RabbitListenerEndpointContainer#0-1] INFO  o.s.a.r.c.CachingConnectionFactory [] - Attempting to connect to: [localhost:5672]
2026-05-19 09:01:13.814 [org.springframework.amqp.rabbit.RabbitListenerEndpointContainer#0-1] DEBUG o.s.a.r.l.SimpleMessageListenerContainer [] - Recovering consumer in 5000 ms.
2026-05-19 09:01:13.826 [restartedMain] INFO  c.e.m.MsReportAsyncApplication [] - Started MsReportAsyncApplication in 3.561 seconds (process running for 4.046)
2026-05-19 09:01:18.818 [org.springframework.amqp.rabbit.RabbitListenerEndpointContainer#0-1] WARN  o.s.a.r.l.SimpleMessageListenerContainer [] - Consumer raised exception, processing can restart if the connection factory supports it
org.springframework.amqp.AmqpConnectException: java.net.ConnectException: Connection refused
	at org.springframework.amqp.rabbit.support.RabbitExceptionTranslator.convertRabbitAccessException(RabbitExceptionTranslator.java:61)
	at org.springframework.amqp.rabbit.connection.AbstractConnectionFactory.createBareConnection(AbstractConnectionFactory.java:632)
	at org.springframework.amqp.rabbit.connection.CachingConnectionFactory.createConnection(CachingConnectionFactory.java:726)
	at org.springframework.amqp.rabbit.connection.ConnectionFactoryUtils.createConnection(ConnectionFactoryUtils.java:257)
	at org.springframework.amqp.rabbit.connection.ConnectionFactoryUtils$RabbitResourceFactory.createConnection(ConnectionFactoryUtils.java:345)
	at org.springframework.amqp.rabbit.connection.ConnectionFactoryUtils.doGetTransactionalResourceHolder(ConnectionFactoryUtils.java:140)
	at org.springframework.amqp.rabbit.connection.ConnectionFactoryUtils.getTransactionalResourceHolder(ConnectionFactoryUtils.java:102)
	at org.springframework.amqp.rabbit.connection.ConnectionFactoryUtils.getTransactionalResourceHolder(ConnectionFactoryUtils.java:85)
	at org.springframework.amqp.rabbit.listener.BlockingQueueConsumer.start(BlockingQueueConsumer.java:641)
	at org.springframework.amqp.rabbit.listener.SimpleMessageListenerContainer$AsyncMessageProcessingConsumer.initialize(SimpleMessageListenerContainer.java:1482)
	at org.springframework.amqp.rabbit.listener.SimpleMessageListenerContainer$AsyncMessageProcessingConsumer.run(SimpleMessageListenerContainer.java:1322)
	at java.base/java.lang.Thread.run(Thread.java:1583)
Caused by: java.net.ConnectException: Connection refused
	at java.base/sun.nio.ch.Net.pollConnect(Native Method)
	at java.base/sun.nio.ch.Net.pollConnectNow(Net.java:694)
	at java.base/sun.nio.ch.NioSocketImpl.timedFinishConnect(NioSocketImpl.java:542)
	at java.base/sun.nio.ch.NioSocketImpl.connect(NioSocketImpl.java:592)
	at java.base/java.net.SocksSocketImpl.connect(SocksSocketImpl.java:327)
	at java.base/java.net.Socket.connect(Socket.java:751)
	at com.rabbitmq.client.impl.SocketFrameHandlerFactory.create(SocketFrameHandlerFactory.java:61)
	at com.rabbitmq.client.ConnectionFactory.newConnection(ConnectionFactory.java:1249)
	at com.rabbitmq.client.ConnectionFactory.newConnection(ConnectionFactory.java:1198)
	at org.springframework.amqp.rabbit.connection.AbstractConnectionFactory.connectAddresses(AbstractConnectionFactory.java:678)
	at org.springframework.amqp.rabbit.connection.AbstractConnectionFactory.connect(AbstractConnectionFactory.java:647)
	at org.springframework.amqp.rabbit.connection.AbstractConnectionFactory.createBareConnection(AbstractConnectionFactory.java:593)
	... 10 common frames omitted
2026-05-19 09:01:18.819 [org.springframework.amqp.rabbit.RabbitListenerEndpointContainer#0-1] INFO  o.s.a.r.l.SimpleMessageListenerContainer [] - Restarting Consumer@55438273: tags=[[]], channel=null, acknowledgeMode=AUTO local queue size=0
2026-05-19 09:01:18.819 [org.springframework.amqp.rabbit.RabbitListenerEndpointContainer#0-1] DEBUG o.s.a.r.l.BlockingQueueConsumer [] - Closing Rabbit Channel: null
2026-05-19 09:01:18.820 [org.springframework.amqp.rabbit.RabbitListenerEndpointContainer#0-2] INFO  o.s.a.r.c.CachingConnectionFactory [] - Attempting to connect to: [localhost:5672]
2026-05-19 09:01:18.821 [org.springframework.amqp.rabbit.RabbitListenerEndpointContainer#0-2] ERROR o.s.a.r.l.SimpleMessageListenerContainer [] - Failed to check/redeclare auto-delete queue(s).
2026-05-19 09:01:18.821 [org.springframework.amqp.rabbit.RabbitListenerEndpointContainer#0-2] DEBUG o.s.a.r.l.BlockingQueueConsumer [] - Starting consumer Consumer@1c393859: tags=[[]], channel=null, acknowledgeMode=AUTO local queue size=0
2026-05-19 09:01:18.821 [org.springframework.amqp.rabbit.RabbitListenerEndpointContainer#0-2] INFO  o.s.a.r.c.CachingConnectionFactory [] - Attempting to connect to: [localhost:5672]
2026-05-19 09:01:18.822 [org.springframework.amqp.rabbit.RabbitListenerEndpointContainer#0-2] DEBUG o.s.a.r.l.SimpleMessageListenerContainer [] - Recovering consumer in 5000 ms.
2026-05-19 09:01:23.479 [SpringApplicationShutdownHook] DEBUG o.s.a.r.l.SimpleMessageListenerContainer [] - Shutting down Rabbit listener container
2026-05-19 09:01:23.480 [org.springframework.amqp.rabbit.RabbitListenerEndpointContainer#0-3] INFO  o.s.a.r.l.SimpleMessageListenerContainer [] - Waiting for workers to finish.
2026-05-19 09:01:23.480 [org.springframework.amqp.rabbit.RabbitListenerEndpointContainer#0-3] INFO  o.s.a.r.l.SimpleMessageListenerContainer [] - Successfully waited for workers to finish.
2026-05-19 09:01:23.481 [SpringApplicationShutdownHook] INFO  o.s.b.w.e.tomcat.GracefulShutdown [] - Commencing graceful shutdown. Waiting for active requests to complete
2026-05-19 09:01:23.484 [tomcat-shutdown] INFO  o.s.b.w.e.tomcat.GracefulShutdown [] - Graceful shutdown complete
2026-05-19 09:01:23.489 [SpringApplicationShutdownHook] DEBUG o.s.a.r.l.SimpleMessageListenerContainer [] - Shutdown ignored - container is not active already
